Archive member included to satisfy reference by file (symbol)

../../../../User_Drivers/ahrs/motionFX/MotionFX_CM4F_wc32_ot_hard.a(motion_fx.o)
                              VisualGDB/Debug/motion_fx_manager.o (MotionFX_GetStateSize)
c:/sysgcc/arm-eabi/bin/../lib/gcc/arm-none-eabi/10.3.1/../../../../arm-none-eabi/lib/thumb/v7e-m+fp/hard\libm.a(lib_a-s_ceil.o)
                              ../../../../User_Drivers/ahrs/motionFX/MotionFX_CM4F_wc32_ot_hard.a(motion_fx.o) (ceil)
c:/sysgcc/arm-eabi/bin/../lib/gcc/arm-none-eabi/10.3.1/../../../../arm-none-eabi/lib/thumb/v7e-m+fp/hard\libm.a(lib_a-s_floor.o)
                              ../../../../User_Drivers/ahrs/motionFX/MotionFX_CM4F_wc32_ot_hard.a(motion_fx.o) (floor)
c:/sysgcc/arm-eabi/bin/../lib/gcc/arm-none-eabi/10.3.1/../../../../arm-none-eabi/lib/thumb/v7e-m+fp/hard\libm.a(lib_a-sf_cos.o)
                              ../../../../User_Drivers/ahrs/motionFX/MotionFX_CM4F_wc32_ot_hard.a(motion_fx.o) (cosf)
c:/sysgcc/arm-eabi/bin/../lib/gcc/arm-none-eabi/10.3.1/../../../../arm-none-eabi/lib/thumb/v7e-m+fp/hard\libm.a(lib_a-sf_round.o)
                              ../../../../User_Drivers/ahrs/motionFX/MotionFX_CM4F_wc32_ot_hard.a(motion_fx.o) (roundf)
c:/sysgcc/arm-eabi/bin/../lib/gcc/arm-none-eabi/10.3.1/../../../../arm-none-eabi/lib/thumb/v7e-m+fp/hard\libm.a(lib_a-sf_sin.o)
                              ../../../../User_Drivers/ahrs/motionFX/MotionFX_CM4F_wc32_ot_hard.a(motion_fx.o) (sinf)
c:/sysgcc/arm-eabi/bin/../lib/gcc/arm-none-eabi/10.3.1/../../../../arm-none-eabi/lib/thumb/v7e-m+fp/hard\libm.a(lib_a-sf_tan.o)
                              ../../../../User_Drivers/ahrs/motionFX/MotionFX_CM4F_wc32_ot_hard.a(motion_fx.o) (tanf)
c:/sysgcc/arm-eabi/bin/../lib/gcc/arm-none-eabi/10.3.1/../../../../arm-none-eabi/lib/thumb/v7e-m+fp/hard\libm.a(lib_a-w_atan2.o)
                              ../../../../User_Drivers/ahrs/motionFX/MotionFX_CM4F_wc32_ot_hard.a(motion_fx.o) (atan2)
c:/sysgcc/arm-eabi/bin/../lib/gcc/arm-none-eabi/10.3.1/../../../../arm-none-eabi/lib/thumb/v7e-m+fp/hard\libm.a(lib_a-w_sqrt.o)
                              ../../../../User_Drivers/ahrs/motionFX/MotionFX_CM4F_wc32_ot_hard.a(motion_fx.o) (sqrt)
c:/sysgcc/arm-eabi/bin/../lib/gcc/arm-none-eabi/10.3.1/../../../../arm-none-eabi/lib/thumb/v7e-m+fp/hard\libm.a(lib_a-wf_acos.o)
                              ../../../../User_Drivers/ahrs/motionFX/MotionFX_CM4F_wc32_ot_hard.a(motion_fx.o) (acosf)
c:/sysgcc/arm-eabi/bin/../lib/gcc/arm-none-eabi/10.3.1/../../../../arm-none-eabi/lib/thumb/v7e-m+fp/hard\libm.a(lib_a-wf_asin.o)
                              ../../../../User_Drivers/ahrs/motionFX/MotionFX_CM4F_wc32_ot_hard.a(motion_fx.o) (asinf)
c:/sysgcc/arm-eabi/bin/../lib/gcc/arm-none-eabi/10.3.1/../../../../arm-none-eabi/lib/thumb/v7e-m+fp/hard\libm.a(lib_a-wf_atan2.o)
                              ../../../../User_Drivers/ahrs/motionFX/MotionFX_CM4F_wc32_ot_hard.a(motion_fx.o) (atan2f)
c:/sysgcc/arm-eabi/bin/../lib/gcc/arm-none-eabi/10.3.1/../../../../arm-none-eabi/lib/thumb/v7e-m+fp/hard\libm.a(lib_a-e_atan2.o)
                              c:/sysgcc/arm-eabi/bin/../lib/gcc/arm-none-eabi/10.3.1/../../../../arm-none-eabi/lib/thumb/v7e-m+fp/hard\libm.a(lib_a-w_atan2.o) (__ieee754_atan2)
c:/sysgcc/arm-eabi/bin/../lib/gcc/arm-none-eabi/10.3.1/../../../../arm-none-eabi/lib/thumb/v7e-m+fp/hard\libm.a(lib_a-e_sqrt.o)
                              c:/sysgcc/arm-eabi/bin/../lib/gcc/arm-none-eabi/10.3.1/../../../../arm-none-eabi/lib/thumb/v7e-m+fp/hard\libm.a(lib_a-w_sqrt.o) (__ieee754_sqrt)
c:/sysgcc/arm-eabi/bin/../lib/gcc/arm-none-eabi/10.3.1/../../../../arm-none-eabi/lib/thumb/v7e-m+fp/hard\libm.a(lib_a-ef_acos.o)
                              c:/sysgcc/arm-eabi/bin/../lib/gcc/arm-none-eabi/10.3.1/../../../../arm-none-eabi/lib/thumb/v7e-m+fp/hard\libm.a(lib_a-wf_acos.o) (__ieee754_acosf)
c:/sysgcc/arm-eabi/bin/../lib/gcc/arm-none-eabi/10.3.1/../../../../arm-none-eabi/lib/thumb/v7e-m+fp/hard\libm.a(lib_a-ef_asin.o)
                              c:/sysgcc/arm-eabi/bin/../lib/gcc/arm-none-eabi/10.3.1/../../../../arm-none-eabi/lib/thumb/v7e-m+fp/hard\libm.a(lib_a-wf_asin.o) (__ieee754_asinf)
c:/sysgcc/arm-eabi/bin/../lib/gcc/arm-none-eabi/10.3.1/../../../../arm-none-eabi/lib/thumb/v7e-m+fp/hard\libm.a(lib_a-ef_atan2.o)
                              c:/sysgcc/arm-eabi/bin/../lib/gcc/arm-none-eabi/10.3.1/../../../../arm-none-eabi/lib/thumb/v7e-m+fp/hard\libm.a(lib_a-wf_atan2.o) (__ieee754_atan2f)
c:/sysgcc/arm-eabi/bin/../lib/gcc/arm-none-eabi/10.3.1/../../../../arm-none-eabi/lib/thumb/v7e-m+fp/hard\libm.a(lib_a-ef_rem_pio2.o)
                              c:/sysgcc/arm-eabi/bin/../lib/gcc/arm-none-eabi/10.3.1/../../../../arm-none-eabi/lib/thumb/v7e-m+fp/hard\libm.a(lib_a-sf_cos.o) (__ieee754_rem_pio2f)
c:/sysgcc/arm-eabi/bin/../lib/gcc/arm-none-eabi/10.3.1/../../../../arm-none-eabi/lib/thumb/v7e-m+fp/hard\libm.a(lib_a-ef_sqrt.o)
[...]
Memory Configuration

Name             Origin             Length             Attributes
FLASH            0x08000000         0x00080000         xr
RAM1             0x20000010         0x0002fff0         xrw
RAM_SHARED       0x20030000         0x00002800         xrw
*default*        0x00000000         0xffffffff

Linker script and memory map

LOAD c:/sysgcc/arm-eabi/bin/../lib/gcc/arm-none-eabi/10.3.1/thumb/v7e-m+fp/hard/crti.o
LOAD c:/sysgcc/arm-eabi/bin/../lib/gcc/arm-none-eabi/10.3.1/thumb/v7e-m+fp/hard/crtbegin.o
LOAD c:/sysgcc/arm-eabi/bin/../lib/gcc/arm-none-eabi/10.3.1/../../../../arm-none-eabi/lib/thumb/v7e-m+fp/hard/crt0.o
START GROUP
LOAD VisualGDB/Debug/ble_gap_aci.o
LOAD VisualGDB/Debug/ble_gatt_aci.o
LOAD VisualGDB/Debug/ble_hal_aci.o
LOAD VisualGDB/Debug/ble_hci_le.o
LOAD VisualGDB/Debug/ble_l2cap_aci.o
LOAD VisualGDB/Debug/osal.o
LOAD VisualGDB/Debug/shci.o
LOAD VisualGDB/Debug/hci_tl.o
LOAD VisualGDB/Debug/hci_tl_if.o
LOAD VisualGDB/Debug/shci_tl.o
LOAD VisualGDB/Debug/shci_tl_if.o
LOAD VisualGDB/Debug/tl_mbox.o
LOAD VisualGDB/Debug/otp.o
LOAD VisualGDB/Debug/stm_list.o
LOAD VisualGDB/Debug/stm_queue.o
LOAD VisualGDB/Debug/stm32_seq.o
LOAD VisualGDB/Debug/motion_fx_manager.o
LOAD VisualGDB/Debug/crc32_hw.o
LOAD VisualGDB/Debug/record_if.o
LOAD VisualGDB/Debug/sfds.o
LOAD VisualGDB/Debug/md5.o
LOAD VisualGDB/Debug/firmware.o
LOAD VisualGDB/Debug/flash_ble_if.o
LOAD VisualGDB/Debug/flash_ramif.o
LOAD VisualGDB/Debug/iap.o
LOAD VisualGDB/Debug/log.o
LOAD VisualGDB/Debug/saber_drv.o
LOAD VisualGDB/Debug/skt_if.o
LOAD VisualGDB/Debug/skt_sensor_if.o
LOAD VisualGDB/Debug/app_ble.o
LOAD VisualGDB/Debug/app_entry.o
LOAD VisualGDB/Debug/ble_proc.o
LOAD VisualGDB/Debug/hw_ipcc.o
LOAD VisualGDB/Debug/large_event.o
LOAD VisualGDB/Debug/gtimer.o
LOAD VisualGDB/Debug/hw_timerserver.o
LOAD VisualGDB/Debug/gpio_if.o
LOAD VisualGDB/Debug/rng_if.o
LOAD VisualGDB/Debug/spi_a_dma_if.o
LOAD VisualGDB/Debug/utils.o
LOAD VisualGDB/Debug/itask.o
LOAD VisualGDB/Debug/main.o
LOAD VisualGDB/Debug/pd_proc.o
LOAD VisualGDB/Debug/platform_init.o
LOAD VisualGDB/Debug/pm_proc.o
LOAD VisualGDB/Debug/stm32wbxx_it.o
LOAD VisualGDB/Debug/system_stm32wbxx.o
LOAD VisualGDB/Debug/user_global.o
LOAD VisualGDB/Debug/startup_stm32wb55xx_cm4.o
LOAD VisualGDB/Debug/stm32wbxx_hal.o
LOAD VisualGDB/Debug/stm32wbxx_hal_adc.o
LOAD VisualGDB/Debug/stm32wbxx_hal_adc_ex.o
LOAD VisualGDB/Debug/stm32wbxx_hal_comp.o
LOAD VisualGDB/Debug/stm32wbxx_hal_cortex.o
LOAD VisualGDB/Debug/stm32wbxx_hal_crc.o
LOAD VisualGDB/Debug/stm32wbxx_hal_crc_ex.o
LOAD VisualGDB/Debug/stm32wbxx_hal_cryp.o
LOAD VisualGDB/Debug/stm32wbxx_hal_cryp_ex.o
LOAD VisualGDB/Debug/stm32wbxx_hal_dma.o
LOAD VisualGDB/Debug/stm32wbxx_hal_dma_ex.o
LOAD VisualGDB/Debug/stm32wbxx_hal_exti.o
LOAD VisualGDB/Debug/stm32wbxx_hal_flash.o
LOAD VisualGDB/Debug/stm32wbxx_hal_flash_ex.o
LOAD VisualGDB/Debug/stm32wbxx_hal_gpio.o
LOAD VisualGDB/Debug/stm32wbxx_hal_hsem.o
LOAD VisualGDB/Debug/stm32wbxx_hal_i2c.o
LOAD VisualGDB/Debug/stm32wbxx_hal_i2c_ex.o
LOAD VisualGDB/Debug/stm32wbxx_hal_ipcc.o
LOAD VisualGDB/Debug/stm32wbxx_hal_irda.o
LOAD VisualGDB/Debug/stm32wbxx_hal_iwdg.o
LOAD VisualGDB/Debug/stm32wbxx_hal_lcd.o
LOAD VisualGDB/Debug/stm32wbxx_hal_lptim.o
LOAD VisualGDB/Debug/stm32wbxx_hal_pcd.o
LOAD VisualGDB/Debug/stm32wbxx_hal_pcd_ex.o
LOAD VisualGDB/Debug/stm32wbxx_hal_pka.o
LOAD VisualGDB/Debug/stm32wbxx_hal_pwr.o
LOAD VisualGDB/Debug/stm32wbxx_hal_pwr_ex.o
LOAD VisualGDB/Debug/stm32wbxx_hal_qspi.o
LOAD VisualGDB/Debug/stm32wbxx_hal_rcc.o
LOAD VisualGDB/Debug/stm32wbxx_hal_rcc_ex.o
LOAD VisualGDB/Debug/stm32wbxx_hal_rng.o
LOAD VisualGDB/Debug/stm32wbxx_hal_rtc.o
LOAD VisualGDB/Debug/stm32wbxx_hal_rtc_ex.o
LOAD VisualGDB/Debug/stm32wbxx_hal_sai.o
LOAD VisualGDB/Debug/stm32wbxx_hal_sai_ex.o
LOAD VisualGDB/Debug/stm32wbxx_hal_smartcard.o
LOAD VisualGDB/Debug/stm32wbxx_hal_smartcard_ex.o
LOAD VisualGDB/Debug/stm32wbxx_hal_smbus.o
LOAD VisualGDB/Debug/stm32wbxx_hal_spi.o
LOAD VisualGDB/Debug/stm32wbxx_hal_spi_ex.o
LOAD VisualGDB/Debug/stm32wbxx_hal_tim.o
LOAD VisualGDB/Debug/stm32wbxx_hal_tim_ex.o
LOAD VisualGDB/Debug/stm32wbxx_hal_tsc.o
LOAD VisualGDB/Debug/stm32wbxx_hal_uart.o
LOAD VisualGDB/Debug/stm32wbxx_hal_uart_ex.o
LOAD VisualGDB/Debug/stm32wbxx_hal_usart.o
LOAD VisualGDB/Debug/stm32wbxx_hal_usart_ex.o
LOAD VisualGDB/Debug/stm32wbxx_hal_wwdg.o
LOAD VisualGDB/Debug/stm32wbxx_ll_adc.o
LOAD VisualGDB/Debug/stm32wbxx_ll_comp.o
LOAD VisualGDB/Debug/stm32wbxx_ll_crc.o
LOAD VisualGDB/Debug/stm32wbxx_ll_crs.o
LOAD VisualGDB/Debug/stm32wbxx_ll_dma.o
LOAD VisualGDB/Debug/stm32wbxx_ll_exti.o
LOAD VisualGDB/Debug/stm32wbxx_ll_gpio.o
LOAD VisualGDB/Debug/stm32wbxx_ll_i2c.o
LOAD VisualGDB/Debug/stm32wbxx_ll_lptim.o
LOAD VisualGDB/Debug/stm32wbxx_ll_lpuart.o
LOAD VisualGDB/Debug/stm32wbxx_ll_pka.o
LOAD VisualGDB/Debug/stm32wbxx_ll_pwr.o
LOAD VisualGDB/Debug/stm32wbxx_ll_rcc.o
LOAD VisualGDB/Debug/stm32wbxx_ll_rng.o
LOAD VisualGDB/Debug/stm32wbxx_ll_rtc.o
LOAD VisualGDB/Debug/stm32wbxx_ll_spi.o
LOAD VisualGDB/Debug/stm32wbxx_ll_tim.o
LOAD VisualGDB/Debug/stm32wbxx_ll_usart.o
LOAD VisualGDB/Debug/stm32wbxx_ll_usb.o
LOAD VisualGDB/Debug/stm32wbxx_ll_utils.o
LOAD ../../../../User_Drivers/ahrs/motionFX/MotionFX_CM4F_wc32_ot_hard.a
END GROUP
LOAD c:/sysgcc/arm-eabi/bin/../lib/gcc/arm-none-eabi/10.3.1/../../../../arm-none-eabi/lib/thumb/v7e-m+fp/hard\libstdc++_nano.a
LOAD c:/sysgcc/arm-eabi/bin/../lib/gcc/arm-none-eabi/10.3.1/../../../../arm-none-eabi/lib/thumb/v7e-m+fp/hard\libm.a
START GROUP
LOAD c:/sysgcc/arm-eabi/bin/../lib/gcc/arm-none-eabi/10.3.1/thumb/v7e-m+fp/hard\libgcc.a
LOAD c:/sysgcc/arm-eabi/bin/../lib/gcc/arm-none-eabi/10.3.1/../../../../arm-none-eabi/lib/thumb/v7e-m+fp/hard\libc_nano.a
END GROUP
START GROUP
LOAD c:/sysgcc/arm-eabi/bin/../lib/gcc/arm-none-eabi/10.3.1/thumb/v7e-m+fp/hard\libgcc.a
LOAD c:/sysgcc/arm-eabi/bin/../lib/gcc/arm-none-eabi/10.3.1/../../../../arm-none-eabi/lib/thumb/v7e-m+fp/hard\libc_nano.a
LOAD c:/sysgcc/arm-eabi/bin/../lib/gcc/arm-none-eabi/10.3.1/../../../../arm-none-eabi/lib/thumb/v7e-m+fp/hard\libnosys.a
END GROUP
START GROUP
LOAD c:/sysgcc/arm-eabi/bin/../lib/gcc/arm-none-eabi/10.3.1/thumb/v7e-m+fp/hard\libgcc.a
LOAD c:/sysgcc/arm-eabi/bin/../lib/gcc/arm-none-eabi/10.3.1/../../../../arm-none-eabi/lib/thumb/v7e-m+fp/hard\libc_nano.a
LOAD c:/sysgcc/arm-eabi/bin/../lib/gcc/arm-none-eabi/10.3.1/../../../../arm-none-eabi/lib/thumb/v7e-m+fp/hard\libnosys.a
END GROUP
LOAD c:/sysgcc/arm-eabi/bin/../lib/gcc/arm-none-eabi/10.3.1/thumb/v7e-m+fp/hard/crtend.o
LOAD c:/sysgcc/arm-eabi/bin/../lib/gcc/arm-none-eabi/10.3.1/thumb/v7e-m+fp/hard/crtn.o
                0x20030000                _estack = 0x20030000
                0x00000400                _Min_Heap_Size = 0x400
                0x00001000                _Min_Stack_Size = 0x1000

.isr_vector     0x08000000      0x13c
                0x08000000                . = ALIGN (0x4)
 *(.isr_vector)
 .isr_vector    0x08000000      0x13c VisualGDB/Debug/startup_stm32wb55xx_cm4.o
                0x08000000                g_pfnVectors
                0x0800013c                . = ALIGN (0x4)

.text           0x08000140    0x14240
                0x08000140                . = ALIGN (0x4)
 *(.text)
 .text          0x08000140       0x40 c:/sysgcc/arm-eabi/bin/../lib/gcc/arm-none-eabi/10.3.1/thumb/v7e-m+fp/hard/crtbegin.o
 .text          0x08000180      0x378 c:/sysgcc/arm-eabi/bin/../lib/gcc/arm-none-eabi/10.3.1/thumb/v7e-m+fp/hard\libgcc.a(_arm_addsubdf3.o)
                0x08000180                __aeabi_drsub
                0x08000188                __aeabi_dsub
                0x08000188                __subdf3
                0x0800018c                __aeabi_dadd
                0x0800018c                __adddf3
                0x08000404                __floatunsidf
                0x08000404                __aeabi_ui2d
                0x08000424                __floatsidf
                0x08000424                __aeabi_i2d
                0x08000448                __aeabi_f2d
                0x08000448                __extendsfdf2
                0x0800048c                __floatundidf
                0x0800048c                __aeabi_ul2d
                0x0800049c                __floatdidf
                0x0800049c                __aeabi_l2d
 .text          0x080004f8      0x424 c:/sysgcc/arm-eabi/bin/../lib/gcc/arm-none-eabi/10.3.1/thumb/v7e-m+fp/hard\libgcc.a(_arm_muldivdf3.o)
                0x080004f8                __aeabi_dmul
                0x080004f8                __muldf3
                0x0800074c                __divdf3
                0x0800074c                __aeabi_ddiv
 .text          0x0800091c      0x110 c:/sysgcc/arm-eabi/bin/../lib/gcc/arm-none-eabi/10.3.1/thumb/v7e-m+fp/hard\libgcc.a(_arm_cmpdf2.o)
                0x0800091c                __gtdf2
                0x0800091c                __gedf2
                0x08000924                __ltdf2
                0x08000924                __ledf2
                0x0800092c                __nedf2
                0x0800092c                __eqdf2
                0x0800092c                __cmpdf2
                0x080009a8                __aeabi_cdrcmple
                0x080009b8                __aeabi_cdcmpeq
                0x080009b8                __aeabi_cdcmple
                0x080009c8                __aeabi_dcmpeq
                0x080009dc                __aeabi_dcmplt
                0x080009f0                __aeabi_dcmple
                0x08000a04                __aeabi_dcmpge
                0x08000a18                __aeabi_dcmpgt
 .text          0x08000a2c       0x2c c:/sysgcc/arm-eabi/bin/../lib/gcc/arm-none-eabi/10.3.1/thumb/v7e-m+fp/hard\libgcc.a(_arm_unorddf2.o)
                0x08000a2c                __unorddf2
                0x08000a2c                __aeabi_dcmpun
 .text          0x08000a58       0x30 c:/sysgcc/arm-eabi/bin/../lib/gcc/arm-none-eabi/10.3.1/thumb/v7e-m+fp/hard\libgcc.a(_aeabi_uldivmod.o)
                0x08000a58                __aeabi_uldivmod
 .text          0x08000a88      0x2d0 c:/sysgcc/arm-eabi/bin/../lib/gcc/arm-none-eabi/10.3.1/thumb/v7e-m+fp/hard\libgcc.a(_udivmoddi4.o)
                0x08000a88                __udivmoddi4
 .text          0x08000d58        0x4 c:/sysgcc/arm-eabi/bin/../lib/gcc/arm-none-eabi/10.3.1/thumb/v7e-m+fp/hard\libgcc.a(_dvmd_tls.o)
                0x08000d58                __aeabi_idiv0
                0x08000d58                __aeabi_ldiv0
 .text          0x08000d5c       0x10 c:/sysgcc/arm-eabi/bin/../lib/gcc/arm-none-eabi/10.3.1/../../../../arm-none-eabi/lib/thumb/v7e-m+fp/hard\libc_nano.a(lib_a-strlen.o)
                0x08000d5c                strlen
 *fill*         0x08000d6c        0x4 
 .text          0x08000d70       0xa0 c:/sysgcc/arm-eabi/bin/../lib/gcc/arm-none-eabi/10.3.1/../../../../arm-none-eabi/lib/thumb/v7e-m+fp/hard\libc_nano.a(lib_a-memchr.o)
                0x08000d70                memchr
 .text          0x08000e10       0x50 c:/sysgcc/arm-eabi/bin/../lib/gcc/arm-none-eabi/10.3.1/thumb/v7e-m+fp/hard\libgcc.a(_arm_fixdfsi.o)
                0x08000e10                __aeabi_d2iz
                0x08000e10                __fixdfsi
 *(.text*)
 .text.aci_gap_set_discoverable
                0x08000e60       0xb4 VisualGDB/Debug/ble_gap_aci.o
                0x08000e60                aci_gap_set_discoverable
 .text.aci_gap_set_io_capability
                0x08000f14       0x48 VisualGDB/Debug/ble_gap_aci.o
                0x08000f14                aci_gap_set_io_capability
 .text.aci_gap_set_authentication_requirement
                0x08000f5c       0x80 VisualGDB/Debug/ble_gap_aci.o
                0x08000f5c                aci_gap_set_authentication_requirement
 .text.aci_gap_init
                0x08000fdc       0x8c VisualGDB/Debug/ble_gap_aci.o
                0x08000fdc                aci_gap_init
 .text.aci_gap_configure_whitelist
                0x08001068       0x3c VisualGDB/Debug/ble_gap_aci.o
                0x08001068                aci_gap_configure_whitelist
 .text.aci_gap_terminate
                0x080010a4       0x50 VisualGDB/Debug/ble_gap_aci.o
                0x080010a4                aci_gap_terminate
 .text.aci_gatt_init
                0x080010f4       0x3c VisualGDB/Debug/ble_gatt_aci.o
                0x080010f4                aci_gatt_init
 .text.aci_gatt_add_service
                0x08001130       0xbc VisualGDB/Debug/ble_gatt_aci.o
                0x08001130                aci_gatt_add_service
 .text.aci_gatt_add_char
                0x080011ec       0xf0 VisualGDB/Debug/ble_gatt_aci.o
                0x080011ec                aci_gatt_add_char
 .text.aci_gatt_update_char_value
                0x080012dc       0x64 VisualGDB/Debug/ble_gatt_aci.o
                0x080012dc                aci_gatt_update_char_value
 .text.aci_hal_write_config_data
                0x08001340       0x5c VisualGDB/Debug/ble_hal_aci.o
                0x08001340                aci_hal_write_config_data
 .text.aci_hal_set_tx_power_level
                0x0800139c       0x4c VisualGDB/Debug/ble_hal_aci.o
                0x0800139c                aci_hal_set_tx_power_level
 .text.hci_reset
                0x080013e8       0x3c VisualGDB/Debug/ble_hci_le.o
                0x080013e8                hci_reset
 .text.hci_le_set_scan_response_data
                0x08001424       0x54 VisualGDB/Debug/ble_hci_le.o
                0x08001424                hci_le_set_scan_response_data
 .text.hci_le_read_phy
                0x08001478       0x64 VisualGDB/Debug/ble_hci_le.o
                0x08001478                hci_le_read_phy
 .text.hci_le_set_default_phy
                0x080014dc       0x50 VisualGDB/Debug/ble_hci_le.o
                0x080014dc                hci_le_set_default_phy
 .text.Osal_MemCpy
                0x0800152c        0x4 VisualGDB/Debug/osal.o
                0x0800152c                Osal_MemCpy
 .text.Osal_MemSet
                0x08001530        0x4 VisualGDB/Debug/osal.o
                0x08001530                Osal_MemSet
 .text.SHCI_C2_FUS_GetState
                0x08001534       0x24 VisualGDB/Debug/shci.o
                0x08001534                SHCI_C2_FUS_GetState
 .text.SHCI_C2_FUS_FwUpgrade
                0x08001558       0x30 VisualGDB/Debug/shci.o
                0x08001558                SHCI_C2_FUS_FwUpgrade
 .text.SHCI_C2_FUS_FwDelete
                0x08001588       0x1c VisualGDB/Debug/shci.o
                0x08001588                SHCI_C2_FUS_FwDelete
 .text.SHCI_C2_FUS_StartWs
                0x080015a4       0x1c VisualGDB/Debug/shci.o
                0x080015a4                SHCI_C2_FUS_StartWs
 .text.SHCI_C2_BLE_Init
                0x080015c0       0x20 VisualGDB/Debug/shci.o
                0x080015c0                SHCI_C2_BLE_Init
 .text.SHCI_C2_FLASH_EraseActivity
                0x080015e0       0x24 VisualGDB/Debug/shci.o
                0x080015e0                SHCI_C2_FLASH_EraseActivity
 .text.SHCI_GetWirelessFwInfo
                0x08001604       0x8c VisualGDB/Debug/shci.o
                0x08001604                SHCI_GetWirelessFwInfo
 .text.hci_init
                0x08001690       0x58 VisualGDB/Debug/hci_tl.o
                0x08001690                hci_init
 .text.hci_user_evt_proc
                0x080016e8       0x74 VisualGDB/Debug/hci_tl.o
                0x080016e8                hci_user_evt_proc
 .text.hci_send_req
                0x0800175c       0xf0 VisualGDB/Debug/hci_tl.o
                0x0800175c                hci_send_req
 .text.TlEvtReceived
                0x0800184c       0x34 VisualGDB/Debug/hci_tl.o
 .text.hci_register_io_bus
                0x08001880       0x14 VisualGDB/Debug/hci_tl_if.o
                0x08001880                hci_register_io_bus
 .text.TlUserEvtReceived
                0x08001894       0x1c VisualGDB/Debug/shci_tl.o
 .text.shci_init
                0x080018b0       0x5c VisualGDB/Debug/shci_tl.o
                0x080018b0                shci_init
 .text.shci_user_evt_proc
                0x0800190c       0x70 VisualGDB/Debug/shci_tl.o
                0x0800190c                shci_user_evt_proc
 .text.shci_send
                0x0800197c       0x7c VisualGDB/Debug/shci_tl.o
                0x0800197c                shci_send
 .text.TlCmdEvtReceived
                0x080019f8        0xc VisualGDB/Debug/shci_tl.o
 .text.shci_register_io_bus
                0x08001a04       0x14 VisualGDB/Debug/shci_tl_if.o
                0x08001a04                shci_register_io_bus
 .text.SendFreeBuf
                0x08001a18       0x34 VisualGDB/Debug/tl_mbox.o
 .text.TL_Enable
                0x08001a4c        0x4 VisualGDB/Debug/tl_mbox.o
                0x08001a4c                TL_Enable
 .text.TL_Init  0x08001a50       0x4c VisualGDB/Debug/tl_mbox.o
                0x08001a50                TL_Init
 .text.TL_BLE_Init
                0x08001a9c       0x48 VisualGDB/Debug/tl_mbox.o
                0x08001a9c                TL_BLE_Init
 .text.TL_BLE_SendCmd
                0x08001ae4       0x1c VisualGDB/Debug/tl_mbox.o
                0x08001ae4                TL_BLE_SendCmd
 .text.HW_IPCC_BLE_RxEvtNot
                0x08001b00       0x30 VisualGDB/Debug/tl_mbox.o
                0x08001b00                HW_IPCC_BLE_RxEvtNot
 .text.HW_IPCC_BLE_AclDataAckNot
                0x08001b30        0xc VisualGDB/Debug/tl_mbox.o
                0x08001b30                HW_IPCC_BLE_AclDataAckNot
 .text.TL_SYS_Init
                0x08001b3c       0x3c VisualGDB/Debug/tl_mbox.o
                0x08001b3c                TL_SYS_Init
 .text.TL_SYS_SendCmd
                0x08001b78       0x1c VisualGDB/Debug/tl_mbox.o
                0x08001b78                TL_SYS_SendCmd
 .text.HW_IPCC_SYS_CmdEvtNot
                0x08001b94       0x18 VisualGDB/Debug/tl_mbox.o
                0x08001b94                HW_IPCC_SYS_CmdEvtNot
 .text.HW_IPCC_SYS_EvtNot
                0x08001bac       0x30 VisualGDB/Debug/tl_mbox.o
                0x08001bac                HW_IPCC_SYS_EvtNot
 .text.TL_MM_Init
                0x08001bdc       0x40 VisualGDB/Debug/tl_mbox.o
                0x08001bdc                TL_MM_Init
 .text.TL_MM_EvtDone
                0x08001c1c       0x1c VisualGDB/Debug/tl_mbox.o
                0x08001c1c                TL_MM_EvtDone
 .text.TL_TRACES_EvtReceived
                0x08001c38        0x4 VisualGDB/Debug/tl_mbox.o
                0x08001c38                TL_TRACES_EvtReceived
 .text.HW_IPCC_TRACES_EvtNot
                0x08001c3c       0x2c VisualGDB/Debug/tl_mbox.o
                0x08001c3c                HW_IPCC_TRACES_EvtNot
 .text.OTP_Read
                0x08001c68       0x34 VisualGDB/Debug/otp.o
                0x08001c68                OTP_Read
 .text.LST_init_head
                0x08001c9c        0x8 VisualGDB/Debug/stm_list.o
                0x08001c9c                LST_init_head
 .text.LST_is_empty
                0x08001ca4       0x18 VisualGDB/Debug/stm_list.o
                0x08001ca4                LST_is_empty
 .text.LST_insert_head
                0x08001cbc       0x18 VisualGDB/Debug/stm_list.o
                0x08001cbc                LST_insert_head
 .text.LST_insert_tail
                0x08001cd4       0x18 VisualGDB/Debug/stm_list.o
                0x08001cd4                LST_insert_tail
 .text.LST_remove_head
                0x08001cec       0x28 VisualGDB/Debug/stm_list.o
                0x08001cec                LST_remove_head
 .text.UTIL_SEQ_RegTask
                0x08001d14       0x54 VisualGDB/Debug/stm32_seq.o
                0x08001d14                UTIL_SEQ_RegTask
 .text.UTIL_SEQ_SetTask
                0x08001d68       0x28 VisualGDB/Debug/stm32_seq.o
                0x08001d68                UTIL_SEQ_SetTask
 .text.UTIL_SEQ_IsSchedulableTask
                0x08001d90       0x38 VisualGDB/Debug/stm32_seq.o
                0x08001d90                UTIL_SEQ_IsSchedulableTask
 .text.UTIL_SEQ_PauseTask
                0x08001dc8       0x1c VisualGDB/Debug/stm32_seq.o
                0x08001dc8                UTIL_SEQ_PauseTask
 .text.UTIL_SEQ_ResumeTask
                0x08001de4       0x18 VisualGDB/Debug/stm32_seq.o
                0x08001de4                UTIL_SEQ_ResumeTask
 .text.UTIL_SEQ_SetEvt
                0x08001dfc       0x18 VisualGDB/Debug/stm32_seq.o
                0x08001dfc                UTIL_SEQ_SetEvt
 .text.UTIL_SEQ_Run
                0x08001e14      0x1cc VisualGDB/Debug/stm32_seq.o
                0x08001e14                UTIL_SEQ_Run
 .text.UTIL_SEQ_WaitEvt
                0x08001fe0       0x64 VisualGDB/Debug/stm32_seq.o
                0x08001fe0                UTIL_SEQ_WaitEvt
 .text.crc32_init
                0x08002044       0x7c VisualGDB/Debug/crc32_hw.o
                0x08002044                crc32_init
 .text.crc32_calculate
                0x080020c0       0x10 VisualGDB/Debug/crc32_hw.o
                0x080020c0                crc32_calculate
 .text.crc32_accumulate
                0x080020d0       0x20 VisualGDB/Debug/crc32_hw.o
                0x080020d0                crc32_accumulate
 .text.HAL_CRC_MspInit
                0x080020f0       0x1c VisualGDB/Debug/crc32_hw.o
                0x080020f0                HAL_CRC_MspInit
 .text.recorder_read
                0x0800210c       0xa4 VisualGDB/Debug/record_if.o
                0x0800210c                recorder_read
 .text.recorder_stat
                0x080021b0       0x80 VisualGDB/Debug/record_if.o
                0x080021b0                recorder_stat
 .text.recorder_init
                0x08002230       0x74 VisualGDB/Debug/record_if.o
                0x08002230                recorder_init
 .text.recorder_save
                0x080022a4       0x30 VisualGDB/Debug/record_if.o
                0x080022a4                recorder_save
 .text.recorder_gc
                0x080022d4        0x4 VisualGDB/Debug/record_if.o
                0x080022d4                recorder_gc
 .text.record_find
                0x080022d8      0x10c VisualGDB/Debug/sfds.o
 .text.sfds_init
                0x080023e4      0x2b8 VisualGDB/Debug/sfds.o
                0x080023e4                sfds_init
 .text.sfds_record_read
                0x0800269c       0x30 VisualGDB/Debug/sfds.o
                0x0800269c                sfds_record_read
 *fill*         0x080026cc        0x4 
 .text.sfds_record_write
                0x080026d0      0x244 VisualGDB/Debug/sfds.o
                0x080026d0                sfds_record_write
 .text.sfds_stat
                0x08002914      0x130 VisualGDB/Debug/sfds.o
                0x08002914                sfds_stat
 .text.sfds_gc  0x08002a44      0x34c VisualGDB/Debug/sfds.o
                0x08002a44                sfds_gc
 .text.Transform
                0x08002d90      0x71c VisualGDB/Debug/md5.o
 .text.md5_update
                0x080034ac       0x94 VisualGDB/Debug/md5.o
                0x080034ac                md5_update
 .text.md5_final
                0x08003540      0x200 VisualGDB/Debug/md5.o
                0x08003540                md5_final
 .text.md5_get_hash_value
                0x08003740       0x50 VisualGDB/Debug/md5.o
                0x08003740                md5_get_hash_value
 .text.fw_clean
                0x08003790       0xdc VisualGDB/Debug/firmware.o
                0x08003790                fw_clean
 .text.fw_proc  0x0800386c      0x194 VisualGDB/Debug/firmware.o
                0x0800386c                fw_proc
 .text.fw_stop  0x08003a00      0x27c VisualGDB/Debug/firmware.o
                0x08003a00                fw_stop
 .text.fw_set_config
                0x08003c7c       0x98 VisualGDB/Debug/firmware.o
                0x08003c7c                fw_set_config
 .text.fw_timeout
                0x08003d14       0x90 VisualGDB/Debug/firmware.o
                0x08003d14                fw_timeout
 .text.fw_is_ready
                0x08003da4      0x1f4 VisualGDB/Debug/firmware.o
                0x08003da4                fw_is_ready
 .text.fw_start
                0x08003f98      0x17c VisualGDB/Debug/firmware.o
                0x08003f98                fw_start
 .text.flash_register_callback
                0x08004114        0xc VisualGDB/Debug/flash_ble_if.o
                0x08004114                flash_register_callback
 .text.HAL_HSEM_FreeCallback
                0x08004120       0x10 VisualGDB/Debug/flash_ble_if.o
                0x08004120                HAL_HSEM_FreeCallback
 .text.flash_wait_for_last_operation
                0x08004130       0x68 VisualGDB/Debug/flash_ble_if.o
                0x08004130                flash_wait_for_last_operation
 .text.hal_flash_ll_erase
                0x08004198       0xe4 VisualGDB/Debug/flash_ble_if.o
                0x08004198                hal_flash_ll_erase
 .text.ProcessSingleFlashOperation
                0x0800427c      0x184 VisualGDB/Debug/flash_ble_if.o
 .text.FD_EraseSectors
                0x08004400      0x128 VisualGDB/Debug/flash_ble_if.o
                0x08004400                FD_EraseSectors
 .text.flash_ll_erase
                0x08004528        0x4 VisualGDB/Debug/flash_ble_if.o
                0x08004528                flash_ll_erase
 .text.FD_WriteData
                0x0800452c      0x1c8 VisualGDB/Debug/flash_ble_if.o
                0x0800452c                FD_WriteData
 .text.flash_write_shadow_code
                0x080046f4        0x4 VisualGDB/Debug/flash_ble_if.o
                0x080046f4                flash_write_shadow_code
 .text.flash_ll_write
                0x080046f8        0x4 VisualGDB/Debug/flash_ble_if.o
                0x080046f8                flash_ll_write
 .text.flash_erase_shadow_code
                0x080046fc       0xc4 VisualGDB/Debug/flash_ble_if.o
                0x080046fc                flash_erase_shadow_code
 .text.flash_check_id
                0x080047c0       0xa8 VisualGDB/Debug/flash_ramif.o
                0x080047c0                flash_check_id
 .text.flash_get_end_addr
                0x08004868        0x8 VisualGDB/Debug/flash_ramif.o
                0x08004868                flash_get_end_addr
 .text.flash_get_shadow_addr
                0x08004870        0xc VisualGDB/Debug/flash_ramif.o
                0x08004870                flash_get_shadow_addr
 .text.flash_get_shadow_end_addr
                0x0800487c        0x8 VisualGDB/Debug/flash_ramif.o
                0x0800487c                flash_get_shadow_end_addr
 .text.flash_get_ble_stack_addr
                0x08004884        0x8 VisualGDB/Debug/flash_ramif.o
                0x08004884                flash_get_ble_stack_addr
 .text.flash_get_mcu_stack_top_addr
                0x0800488c        0x8 VisualGDB/Debug/flash_ramif.o
                0x0800488c                flash_get_mcu_stack_top_addr
 .text.flash_get_running_max_size
                0x08004894        0x8 VisualGDB/Debug/flash_ramif.o
                0x08004894                flash_get_running_max_size
 .text.flash_get_shadow_max_size
                0x0800489c        0x8 VisualGDB/Debug/flash_ramif.o
                0x0800489c                flash_get_shadow_max_size
 .text.iap_init
                0x080048a4      0x488 VisualGDB/Debug/iap.o
                0x080048a4                iap_init
 .text.klog_uart_rx_cplt_callback
                0x08004d2c       0x30 VisualGDB/Debug/log.o
 .text.klog_uart_error_callback
                0x08004d5c       0x3c VisualGDB/Debug/log.o
 .text.klog_mspdeinit
                0x08004d98       0x40 VisualGDB/Debug/log.o
 .text.klog_mspinit
                0x08004dd8      0x110 VisualGDB/Debug/log.o
 .text.klog_uart_tx_cplt_callback
                0x08004ee8       0xac VisualGDB/Debug/log.o
 .text.klog_init
                0x08004f94       0xb8 VisualGDB/Debug/log.o
                0x08004f94                klog_init
 .text.klog_flush
                0x0800504c       0x90 VisualGDB/Debug/log.o
                0x0800504c                klog_flush
 .text.klog_is_busy
                0x080050dc       0x38 VisualGDB/Debug/log.o
                0x080050dc                klog_is_busy
 .text.klog_register_rx_cb
                0x08005114        0xc VisualGDB/Debug/log.o
                0x08005114                klog_register_rx_cb
 .text.klog_send_by_dma
                0x08005120       0xa8 VisualGDB/Debug/log.o
                0x08005120                klog_send_by_dma
 .text.klog_put_fifo
                0x080051c8       0xe4 VisualGDB/Debug/log.o
                0x080051c8                klog_put_fifo
 .text.klog_get
                0x080052ac       0x10 VisualGDB/Debug/log.o
                0x080052ac                klog_get
 .text.USART1_IRQHandler
                0x080052bc        0xc VisualGDB/Debug/log.o
                0x080052bc                USART1_IRQHandler
 .text.DMA1_Channel1_IRQHandler
                0x080052c8        0xc VisualGDB/Debug/log.o
                0x080052c8                DMA1_Channel1_IRQHandler
 .text._sbrk    0x080052d4       0x44 VisualGDB/Debug/log.o
                0x080052d4                _sbrk
 .text._getpid  0x08005318        0x4 VisualGDB/Debug/log.o
                0x08005318                _getpid
 .text._kill    0x0800531c       0x10 VisualGDB/Debug/log.o
                0x0800531c                _kill
 .text._exit    0x0800532c        0xc VisualGDB/Debug/log.o
                0x0800532c                _exit
 .text._read    0x08005338        0x4 VisualGDB/Debug/log.o
                0x08005338                _read
 .text._write   0x0800533c       0x10 VisualGDB/Debug/log.o
                0x0800533c                _write
 .text._close   0x0800534c        0x8 VisualGDB/Debug/log.o
                0x0800534c                _close
 .text._fstat   0x08005354        0xc VisualGDB/Debug/log.o
                0x08005354                _fstat
 .text._isatty  0x08005360        0x4 VisualGDB/Debug/log.o
                0x08005360                _isatty
 .text._lseek   0x08005364        0x4 VisualGDB/Debug/log.o
                0x08005364                _lseek
 .text.saber_read.constprop.0.isra.0
                0x08005368       0x74 VisualGDB/Debug/saber_drv.o
 .text.saber_read
                0x080053dc       0x84 VisualGDB/Debug/saber_drv.o
                0x080053dc                saber_read
 .text.saber_read_measure_data
                0x08005460      0x2f4 VisualGDB/Debug/saber_drv.o
                0x08005460                saber_read_measure_data
 .text.saber_drv_read_fifo
                0x08005754      0x19c VisualGDB/Debug/saber_drv.o
                0x08005754                saber_drv_read_fifo
 .text.saber_drv_send_msg
                0x080058f0       0xf4 VisualGDB/Debug/saber_drv.o
                0x080058f0                saber_drv_send_msg
 .text.saber_set_fusion_mode.part.0
                0x080059e4       0xf4 VisualGDB/Debug/saber_drv.o
 .text.saber_ack_wakeup
                0x08005ad8       0xf0 VisualGDB/Debug/saber_drv.o
                0x08005ad8                saber_ack_wakeup
 .text.saber_wait_for_wakeup
                0x08005bc8       0xec VisualGDB/Debug/saber_drv.o
                0x08005bc8                saber_wait_for_wakeup
 .text.saber_set_packet_rate
                0x08005cb4       0xf4 VisualGDB/Debug/saber_drv.o
                0x08005cb4                saber_set_packet_rate
 .text.saber_get_packet_rate
                0x08005da8       0xf8 VisualGDB/Debug/saber_drv.o
                0x08005da8                saber_get_packet_rate
 .text.saber_set_packet_config
                0x08005ea0      0x140 VisualGDB/Debug/saber_drv.o
                0x08005ea0                saber_set_packet_config
 .text.saber_get_drdy_conf
                0x08005fe0       0xf8 VisualGDB/Debug/saber_drv.o
                0x08005fe0                saber_get_drdy_conf
 .text.saber_get_fusion_mode
                0x080060d8      0x110 VisualGDB/Debug/saber_drv.o
                0x080060d8                saber_get_fusion_mode
 .text.saber_switch_to_measure
                0x080061e8       0xc0 VisualGDB/Debug/saber_drv.o
                0x080061e8                saber_switch_to_measure
 .text.saber_switch_to_config
                0x080062a8       0xc0 VisualGDB/Debug/saber_drv.o
                0x080062a8                saber_switch_to_config
 .text.saber_drv_init
                0x08006368      0x1d8 VisualGDB/Debug/saber_drv.o
                0x08006368                saber_drv_init
 .text.saber_drv_deinit
                0x08006540       0x5c VisualGDB/Debug/saber_drv.o
                0x08006540                saber_drv_deinit
 .text.saber_drv_start
                0x0800659c       0x48 VisualGDB/Debug/saber_drv.o
                0x0800659c                saber_drv_start
 .text.saber_drv_stop
                0x080065e4       0x40 VisualGDB/Debug/saber_drv.o
                0x080065e4                saber_drv_stop
 .text.saber_drv_read_raw
                0x08006624      0x328 VisualGDB/Debug/saber_drv.o
                0x08006624                saber_drv_read_raw
 .text.saber_drv_isr_handle
                0x0800694c       0x24 VisualGDB/Debug/saber_drv.o
                0x0800694c                saber_drv_isr_handle
 .text.skt_proc
                0x08006970      0x1f8 VisualGDB/Debug/skt_if.o
                0x08006970                skt_proc
 .text.skt_init
                0x08006b68       0x28 VisualGDB/Debug/skt_if.o
                0x08006b68                skt_init
 .text.skt_register_cb
                0x08006b90       0x10 VisualGDB/Debug/skt_if.o
                0x08006b90                skt_register_cb
 .text.skt_get_role
                0x08006ba0        0xc VisualGDB/Debug/skt_if.o
                0x08006ba0                skt_get_role
 .text.stk_get_version
                0x08006bac       0x1c VisualGDB/Debug/skt_if.o
                0x08006bac                stk_get_version
 .text.skt_set_config
                0x08006bc8       0x10 VisualGDB/Debug/skt_if.o
                0x08006bc8                skt_set_config
 .text.skt_is_check
                0x08006bd8        0x4 VisualGDB/Debug/skt_if.o
                0x08006bd8                skt_is_check
 .text.skt_check_keywork
                0x08006bdc        0x4 VisualGDB/Debug/skt_if.o
                0x08006bdc                skt_check_keywork
 .text.skt_set_mode
                0x08006be0       0x10 VisualGDB/Debug/skt_if.o
                0x08006be0                skt_set_mode
 .text.skt_set_tibia_reg_pos
                0x08006bf0        0x4 VisualGDB/Debug/skt_if.o
                0x08006bf0                skt_set_tibia_reg_pos
 .text.skt_set_navigation_angle
                0x08006bf4       0x10 VisualGDB/Debug/skt_if.o
                0x08006bf4                skt_set_navigation_angle
 .text.skt_start
                0x08006c04       0x94 VisualGDB/Debug/skt_if.o
                0x08006c04                skt_start
 .text.skt_stop
                0x08006c98       0x30 VisualGDB/Debug/skt_if.o
                0x08006c98                skt_stop
 .text.skt_update_ref_data
                0x08006cc8        0x4 VisualGDB/Debug/skt_if.o
                0x08006cc8                skt_update_ref_data
 .text.skt_irq_handle
                0x08006ccc       0x88 VisualGDB/Debug/skt_if.o
                0x08006ccc                skt_irq_handle
 .text.BLE_UserEvtRx
                0x08006d54       0x18 VisualGDB/Debug/app_ble.o
 .text.BLE_StatusNot
                0x08006d6c       0x14 VisualGDB/Debug/app_ble.o
 .text.Ble_Hci_Gap_Gatt_Init
                0x08006d80      0x1a4 VisualGDB/Debug/app_ble.o
 .text.APP_BLE_Register_CallBack
                0x08006f24       0x10 VisualGDB/Debug/app_ble.o
                0x08006f24                APP_BLE_Register_CallBack
 .text.APP_BLE_Adv_Start
                0x08006f34       0xa0 VisualGDB/Debug/app_ble.o
                0x08006f34                APP_BLE_Adv_Start
 .text.APP_BLE_Init
                0x08006fd4       0x98 VisualGDB/Debug/app_ble.o
                0x08006fd4                APP_BLE_Init
 .text.hci_notify_asynch_evt
                0x0800706c        0x8 VisualGDB/Debug/app_ble.o
                0x0800706c                hci_notify_asynch_evt
 .text.hci_cmd_resp_release
                0x08007074        0x8 VisualGDB/Debug/app_ble.o
                0x08007074                hci_cmd_resp_release
 .text.hci_cmd_resp_wait
                0x0800707c        0x8 VisualGDB/Debug/app_ble.o
                0x0800707c                hci_cmd_resp_wait
 .text.__NVIC_SystemReset
                0x08007084       0x24 VisualGDB/Debug/app_entry.o
 .text.APPE_SysStatusNot
                0x080070a8        0x4 VisualGDB/Debug/app_entry.o
 .text.APPE_SysUserEvtRx
                0x080070ac      0x5cc VisualGDB/Debug/app_entry.o
 .text.APPE_Init_Clock
                0x08007678       0x38 VisualGDB/Debug/app_entry.o
                0x08007678                APPE_Init_Clock
 .text.APPE_Init
                0x080076b0       0xe4 VisualGDB/Debug/app_entry.o
                0x080076b0                APPE_Init
 .text.APPE_Get_Stack_Size
                0x08007794        0xc VisualGDB/Debug/app_entry.o
                0x08007794                APPE_Get_Stack_Size
 .text.APPE_Get_String_Version
                0x080077a0       0x50 VisualGDB/Debug/app_entry.o
                0x080077a0                APPE_Get_String_Version
 .text.APPE_Get_CPU2_Status
                0x080077f0        0xc VisualGDB/Debug/app_entry.o
                0x080077f0                APPE_Get_CPU2_Status
 .text.HAL_IPCC_MspInit
                0x080077fc       0x50 VisualGDB/Debug/app_entry.o
                0x080077fc                HAL_IPCC_MspInit
 .text.shci_notify_asynch_evt
                0x0800784c        0x8 VisualGDB/Debug/app_entry.o
                0x0800784c                shci_notify_asynch_evt
 .text.shci_cmd_resp_release
                0x08007854        0x8 VisualGDB/Debug/app_entry.o
                0x08007854                shci_cmd_resp_release
 .text.shci_cmd_resp_wait
                0x0800785c        0x8 VisualGDB/Debug/app_entry.o
                0x0800785c                shci_cmd_resp_wait
 .text.ble_init_services
                0x08007864      0x1c0 VisualGDB/Debug/ble_proc.o
 .text.ble_rx_proc
                0x08007a24       0xd8 VisualGDB/Debug/ble_proc.o
                0x08007a24                ble_rx_proc
 .text.ble_done_notify_enable.part.0
                0x08007afc       0x38 VisualGDB/Debug/ble_proc.o
 .text.ble_init_clock
                0x08007b34        0x4 VisualGDB/Debug/ble_proc.o
                0x08007b34                ble_init_clock
 .text.ble_init
                0x08007b38       0x70 VisualGDB/Debug/ble_proc.o
                0x08007b38                ble_init
 .text.ble_is_init
                0x08007ba8        0x4 VisualGDB/Debug/ble_proc.o
                0x08007ba8                ble_is_init
 .text.ble_register_callback
                0x08007bac       0x20 VisualGDB/Debug/ble_proc.o
                0x08007bac                ble_register_callback
 .text.ble_set_local_id
                0x08007bcc      0x1f4 VisualGDB/Debug/ble_proc.o
                0x08007bcc                ble_set_local_id
 .text.ble_get_stack_size
                0x08007dc0        0x4 VisualGDB/Debug/ble_proc.o
                0x08007dc0                ble_get_stack_size
 .text.ble_get_string_version
                0x08007dc4        0xc VisualGDB/Debug/ble_proc.o
                0x08007dc4                ble_get_string_version
 .text.ble_get_mtu
                0x08007dd0        0xc VisualGDB/Debug/ble_proc.o
                0x08007dd0                ble_get_mtu
 .text.ble_rx_data_in
                0x08007ddc       0xb4 VisualGDB/Debug/ble_proc.o
                0x08007ddc                ble_rx_data_in
 .text.ble_evt_rx_proc
                0x08007e90      0x718 VisualGDB/Debug/ble_proc.o
 .text.ble_get_send_bytes
                0x080085a8        0xc VisualGDB/Debug/ble_proc.o
                0x080085a8                ble_get_send_bytes
 .text.ble_ll_reply
                0x080085b4      0x180 VisualGDB/Debug/ble_proc.o
                0x080085b4                ble_ll_reply
 .text.ble_reply_cmd
                0x08008734       0x20 VisualGDB/Debug/ble_proc.o
                0x08008734                ble_reply_cmd
 .text.ble_reply_buffer
                0x08008754       0x2c VisualGDB/Debug/ble_proc.o
                0x08008754                ble_reply_buffer
 .text.ble_update_status
                0x08008780       0xc4 VisualGDB/Debug/ble_proc.o
                0x08008780                ble_update_status
 .text.ble_update_data
                0x08008844       0xb0 VisualGDB/Debug/ble_proc.o
                0x08008844                ble_update_data
 .text.ble_update_image
                0x080088f4       0xb0 VisualGDB/Debug/ble_proc.o
                0x080088f4                ble_update_image
 .text.ble_is_connected
                0x080089a4       0x14 VisualGDB/Debug/ble_proc.o
                0x080089a4                ble_is_connected
 .text.ble_done_complete_connt
                0x080089b8       0x14 VisualGDB/Debug/ble_proc.o
                0x080089b8                ble_done_complete_connt
 .text.ble_disconnect
                0x080089cc       0x68 VisualGDB/Debug/ble_proc.o
                0x080089cc                ble_disconnect
 .text.ble_tx_full_wait
                0x08008a34        0x8 VisualGDB/Debug/ble_proc.o
                0x08008a34                ble_tx_full_wait
 .text.HW_IPCC_Enable
                0x08008a3c       0x50 VisualGDB/Debug/hw_ipcc.o
                0x08008a3c                HW_IPCC_Enable
 .text.HW_IPCC_Init
                0x08008a8c       0x44 VisualGDB/Debug/hw_ipcc.o
                0x08008a8c                HW_IPCC_Init
 .text.HW_IPCC_BLE_Init
                0x08008ad0       0x10 VisualGDB/Debug/hw_ipcc.o
                0x08008ad0                HW_IPCC_BLE_Init
 .text.HW_IPCC_BLE_SendCmd
                0x08008ae0       0x10 VisualGDB/Debug/hw_ipcc.o
                0x08008ae0                HW_IPCC_BLE_SendCmd
 .text.HW_IPCC_SYS_Init
                0x08008af0       0x10 VisualGDB/Debug/hw_ipcc.o
                0x08008af0                HW_IPCC_SYS_Init
 .text.HW_IPCC_SYS_SendCmd
                0x08008b00       0x18 VisualGDB/Debug/hw_ipcc.o
                0x08008b00                HW_IPCC_SYS_SendCmd
 .text.HW_IPCC_Tx_Handler
                0x08008b18       0x74 VisualGDB/Debug/hw_ipcc.o
                0x08008b18                HW_IPCC_Tx_Handler
 .text.HW_IPCC_MM_SendFreeBuf
                0x08008b8c       0x2c VisualGDB/Debug/hw_ipcc.o
                0x08008b8c                HW_IPCC_MM_SendFreeBuf
 .text.HW_IPCC_Rx_Handler
                0x08008bb8       0x50 VisualGDB/Debug/hw_ipcc.o
                0x08008bb8                HW_IPCC_Rx_Handler
 .text.large_event_is_head
                0x08008c08        0xc VisualGDB/Debug/large_event.o
                0x08008c08                large_event_is_head
 .text.large_event_set
                0x08008c14       0xb4 VisualGDB/Debug/large_event.o
                0x08008c14                large_event_set
 .text.large_event_get
                0x08008cc8       0xdc VisualGDB/Debug/large_event.o
                0x08008cc8                large_event_get
 .text.lptim_auto_reload_match_cb
                0x08008da4       0x1c VisualGDB/Debug/gtimer.o
                0x08008da4                lptim_auto_reload_match_cb
 .text.lptim_mspinit
                0x08008dc0       0x3c VisualGDB/Debug/gtimer.o
                0x08008dc0                lptim_mspinit
 .text.lptim_mspdeinit
                0x08008dfc       0x18 VisualGDB/Debug/gtimer.o
                0x08008dfc                lptim_mspdeinit
 .text.ts_mspdeinit
                0x08008e14       0x24 VisualGDB/Debug/gtimer.o
 .text.lptim_auto_reload_write_cb
                0x08008e38      0x108 VisualGDB/Debug/gtimer.o
                0x08008e38                lptim_auto_reload_write_cb
 .text.lptim_init.part.0
                0x08008f40      0x10c VisualGDB/Debug/gtimer.o
 .text.ts_mspinit
                0x0800904c      0x304 VisualGDB/Debug/gtimer.o
 .text.gtimer_register_callback
                0x08009350       0x10 VisualGDB/Debug/gtimer.o
                0x08009350                gtimer_register_callback
 .text.HAL_InitTick
                0x08009360        0x4 VisualGDB/Debug/gtimer.o
                0x08009360                HAL_InitTick
 .text.HAL_GetTick
                0x08009364       0x80 VisualGDB/Debug/gtimer.o
                0x08009364                HAL_GetTick
 .text.LPTIM1_IRQHandler
                0x080093e4        0xc VisualGDB/Debug/gtimer.o
                0x080093e4                LPTIM1_IRQHandler
 .text.ts_init  0x080093f0      0x238 VisualGDB/Debug/gtimer.o
                0x080093f0                ts_init
 .text.gtimer_init
                0x08009628       0x18 VisualGDB/Debug/gtimer.o
                0x08009628                gtimer_init
 .text.ts_create
                0x08009640       0xac VisualGDB/Debug/gtimer.o
                0x08009640                ts_create
 .text.ts_start_ms
                0x080096ec       0x20 VisualGDB/Debug/gtimer.o
                0x080096ec                ts_start_ms
 .text.ts_stop  0x0800970c        0x4 VisualGDB/Debug/gtimer.o
                0x0800970c                ts_stop
 .text.RTC_WKUP_IRQHandler
                0x08009710        0x4 VisualGDB/Debug/gtimer.o
                0x08009710                RTC_WKUP_IRQHandler
 .text.Clock_Wait
                0x08009714       0xd4 VisualGDB/Debug/gtimer.o
                0x08009714                Clock_Wait
 .text.Clock_Time
                0x080097e8       0x80 VisualGDB/Debug/gtimer.o
                0x080097e8                Clock_Time
 .text.rtc_set_unix_time_ms
                0x08009868      0x11c VisualGDB/Debug/gtimer.o
                0x08009868                rtc_set_unix_time_ms
 .text.rtc_get_stamp_ms
                0x08009984       0xbc VisualGDB/Debug/gtimer.o
                0x08009984                rtc_get_stamp_ms
 .text.sys_tick_to_ms
                0x08009a40       0x34 VisualGDB/Debug/gtimer.o
                0x08009a40                sys_tick_to_ms
 .text.sys_set_base_tick
                0x08009a74       0x18 VisualGDB/Debug/gtimer.o
                0x08009a74                sys_set_base_tick
 *fill*         0x08009a8c        0x4 
 .text.sys_clear_time
                0x08009a90      0x250 VisualGDB/Debug/gtimer.o
                0x08009a90                sys_clear_time
 .text.sys_diff_time
                0x08009ce0       0x68 VisualGDB/Debug/gtimer.o
                0x08009ce0                sys_diff_time
 .text.sys_update_work_time
                0x08009d48       0x18 VisualGDB/Debug/gtimer.o
                0x08009d48                sys_update_work_time
 .text.sys_get_time
                0x08009d60      0x154 VisualGDB/Debug/gtimer.o
                0x08009d60                sys_get_time
 .text.sys_get_tick
                0x08009eb4      0x13c VisualGDB/Debug/gtimer.o
                0x08009eb4                sys_get_tick
 .text.RescheduleTimerList
                0x08009ff0      0x1cc VisualGDB/Debug/hw_timerserver.o
 .text.HW_TS_Init
                0x0800a1bc      0x134 VisualGDB/Debug/hw_timerserver.o
                0x0800a1bc                HW_TS_Init
 .text.HW_TS_Create
                0x0800a2f0       0x84 VisualGDB/Debug/hw_timerserver.o
                0x0800a2f0                HW_TS_Create
 .text.HW_TS_Stop
                0x0800a374      0x108 VisualGDB/Debug/hw_timerserver.o
                0x0800a374                HW_TS_Stop
 .text.HW_TS_Start
                0x0800a47c      0x220 VisualGDB/Debug/hw_timerserver.o
                0x0800a47c                HW_TS_Start
 .text.HW_TS_RTC_Int_AppNot
                0x0800a69c        0x4 VisualGDB/Debug/hw_timerserver.o
                0x0800a69c                HW_TS_RTC_Int_AppNot
 .text.HW_TS_RTC_Wakeup_Handler
                0x0800a6a0      0x11c VisualGDB/Debug/hw_timerserver.o
                0x0800a6a0                HW_TS_RTC_Wakeup_Handler
 .text.led_ts_callback
                0x0800a7bc       0x8c VisualGDB/Debug/gpio_if.o
                0x0800a7bc                led_ts_callback
 .text.gpio_init
                0x0800a848       0xe8 VisualGDB/Debug/gpio_if.o
                0x0800a848                gpio_init
 .text.pwr_ctrl
                0x0800a930       0x10 VisualGDB/Debug/gpio_if.o
                0x0800a930                pwr_ctrl
 .text.read_device_type
                0x0800a940       0x18 VisualGDB/Debug/gpio_if.o
                0x0800a940                read_device_type
 .text.led_ctrl
                0x0800a958       0xac VisualGDB/Debug/gpio_if.o
                0x0800a958                led_ctrl
 .text.led_blink_while_upgrading_fw
                0x0800aa04       0x68 VisualGDB/Debug/gpio_if.o
                0x0800aa04                led_blink_while_upgrading_fw
 .text.rng_mspinit
                0x0800aa6c       0x44 VisualGDB/Debug/rng_if.o
                0x0800aa6c                rng_mspinit
 .text.rng_mspdeinit
                0x0800aab0       0x1c VisualGDB/Debug/rng_if.o
                0x0800aab0                rng_mspdeinit
 .text.rng_init
                0x0800aacc      0x254 VisualGDB/Debug/rng_if.o
                0x0800aacc                rng_init
 .text.rng_get_numbers
                0x0800ad20      0x1cc VisualGDB/Debug/rng_if.o
                0x0800ad20                rng_get_numbers
 .text.spi_a_hw_cplt_cb
                0x0800aeec        0xc VisualGDB/Debug/spi_a_dma_if.o
 .text.spi_a_hw_error_cb
                0x0800aef8       0x38 VisualGDB/Debug/spi_a_dma_if.o
 .text.spi_a_hw_mspdeinit
                0x0800af30       0x98 VisualGDB/Debug/spi_a_dma_if.o
 .text.spi_a_hw_mspinit
                0x0800afc8      0x238 VisualGDB/Debug/spi_a_dma_if.o
 .text.spi_a_hw_init
                0x0800b200       0xb8 VisualGDB/Debug/spi_a_dma_if.o
                0x0800b200                spi_a_hw_init
 .text.spi_a_hw_deinit
                0x0800b2b8       0x44 VisualGDB/Debug/spi_a_dma_if.o
                0x0800b2b8                spi_a_hw_deinit
 .text.spi_a_hw_transmit_receive
                0x0800b2fc      0x108 VisualGDB/Debug/spi_a_dma_if.o
                0x0800b2fc                spi_a_hw_transmit_receive
 .text.spi_a_hw_reset
                0x0800b404       0x18 VisualGDB/Debug/spi_a_dma_if.o
                0x0800b404                spi_a_hw_reset
 .text.spi_a_hw_get_ready
                0x0800b41c       0x18 VisualGDB/Debug/spi_a_dma_if.o
                0x0800b41c                spi_a_hw_get_ready
 .text.spi_a_hw_enable_irq
                0x0800b434       0x28 VisualGDB/Debug/spi_a_dma_if.o
                0x0800b434                spi_a_hw_enable_irq
 .text.spi_a_hw_set_cs
                0x0800b45c       0x18 VisualGDB/Debug/spi_a_dma_if.o
                0x0800b45c                spi_a_hw_set_cs
 .text.spi_a_hw_generate_swi
                0x0800b474        0x4 VisualGDB/Debug/spi_a_dma_if.o
                0x0800b474                spi_a_hw_generate_swi
 .text.DMA1_Channel3_IRQHandler
                0x0800b478        0xc VisualGDB/Debug/spi_a_dma_if.o
                0x0800b478                DMA1_Channel3_IRQHandler
 .text.DMA1_Channel2_IRQHandler
                0x0800b484        0xc VisualGDB/Debug/spi_a_dma_if.o
                0x0800b484                DMA1_Channel2_IRQHandler
 .text.uint_to_char
                0x0800b490       0x58 VisualGDB/Debug/utils.o
                0x0800b490                uint_to_char
 .text.all_is_same
                0x0800b4e8       0x34 VisualGDB/Debug/utils.o
                0x0800b4e8                all_is_same
 .text.check_bcc
                0x0800b51c       0x90 VisualGDB/Debug/utils.o
                0x0800b51c                check_bcc
 .text.itask_ble_connected
                0x0800b5ac       0x28 VisualGDB/Debug/itask.o
 .text.itask_time_keeper_ts_callback
                0x0800b5d4        0x8 VisualGDB/Debug/itask.o
                0x0800b5d4                itask_time_keeper_ts_callback
 .text.itask_status_ts_callback
                0x0800b5dc        0x8 VisualGDB/Debug/itask.o
                0x0800b5dc                itask_status_ts_callback
 .text.itaks_test_rx_evt
                0x0800b5e4       0x34 VisualGDB/Debug/itask.o
                0x0800b5e4                itaks_test_rx_evt
 .text.itask_ble_disconnected
                0x0800b618       0x24 VisualGDB/Debug/itask.o
 .text.itask_time_keeper_proc
                0x0800b63c        0x4 VisualGDB/Debug/itask.o
                0x0800b63c                itask_time_keeper_proc
 .text.itask_led_ctrl
                0x0800b640       0x2c VisualGDB/Debug/itask.o
                0x0800b640                itask_led_ctrl
 .text.itask_image_proc
                0x0800b66c       0x30 VisualGDB/Debug/itask.o
 .text.itask_data_proc
                0x0800b69c       0x48 VisualGDB/Debug/itask.o
 .text.itask_test_ble_speed_proc
                0x0800b6e4       0x6c VisualGDB/Debug/itask.o
 .text.itask_rx_proc
                0x0800b750      0xd58 VisualGDB/Debug/itask.o
 .text.itask_status_proc
                0x0800c4a8       0xc8 VisualGDB/Debug/itask.o
                0x0800c4a8                itask_status_proc
 .text.itask_test_proc
                0x0800c570      0x1f8 VisualGDB/Debug/itask.o
                0x0800c570                itask_test_proc
 .text.itask_init
                0x0800c768      0x140 VisualGDB/Debug/itask.o
                0x0800c768                itask_init
 .text.itask_proc
                0x0800c8a8        0x8 VisualGDB/Debug/itask.o
                0x0800c8a8                itask_proc
 .text.UTIL_SEQ_PreIdle
                0x0800c8b0        0xc VisualGDB/Debug/itask.o
                0x0800c8b0                UTIL_SEQ_PreIdle
 .text.UTIL_SEQ_Idle
                0x0800c8bc        0xc VisualGDB/Debug/itask.o
                0x0800c8bc                UTIL_SEQ_Idle
 .text.UTIL_SEQ_PostIdle
                0x0800c8c8        0xc VisualGDB/Debug/itask.o
                0x0800c8c8                UTIL_SEQ_PostIdle
 .text.UTIL_SEQ_EvtIdle
                0x0800c8d4        0x8 VisualGDB/Debug/itask.o
                0x0800c8d4                UTIL_SEQ_EvtIdle
 .text.startup.main
                0x0800c8dc       0x78 VisualGDB/Debug/main.o
                0x0800c8dc                main
 .text.pd_get_user_end_space
                0x0800c954       0x40 VisualGDB/Debug/pd_proc.o
                0x0800c954                pd_get_user_end_space
 .text.pd_save_register_info
                0x0800c994       0x6c VisualGDB/Debug/pd_proc.o
                0x0800c994                pd_save_register_info
 .text.pd_save_time
                0x0800ca00       0x88 VisualGDB/Debug/pd_proc.o
                0x0800ca00                pd_save_time
 .text.pd_clear_time
                0x0800ca88       0x30 VisualGDB/Debug/pd_proc.o
                0x0800ca88                pd_clear_time
 .text.pd_save_product_info
                0x0800cab8       0x10 VisualGDB/Debug/pd_proc.o
                0x0800cab8                pd_save_product_info
 .text.pd_save_ble_mac
                0x0800cac8       0x10 VisualGDB/Debug/pd_proc.o
                0x0800cac8                pd_save_ble_mac
 .text.pd_save_algo_para
                0x0800cad8       0x10 VisualGDB/Debug/pd_proc.o
                0x0800cad8                pd_save_algo_para
 .text.pd_read_algo_para
                0x0800cae8       0x10 VisualGDB/Debug/pd_proc.o
                0x0800cae8                pd_read_algo_para
 .text.pd_save_skt_config
                0x0800caf8       0x10 VisualGDB/Debug/pd_proc.o
                0x0800caf8                pd_save_skt_config
 .text.pd_read_skt_config
                0x0800cb08       0x10 VisualGDB/Debug/pd_proc.o
                0x0800cb08                pd_read_skt_config
 .text.pd_generate_serial
                0x0800cb18       0x28 VisualGDB/Debug/pd_proc.o
                0x0800cb18                pd_generate_serial
 .text.pd_generate_ble_uid
                0x0800cb40      0x1a8 VisualGDB/Debug/pd_proc.o
                0x0800cb40                pd_generate_ble_uid
 .text.pd_generate_and_save_ble_mac
                0x0800cce8       0x70 VisualGDB/Debug/pd_proc.o
                0x0800cce8                pd_generate_and_save_ble_mac
 .text.pd_init  0x0800cd58      0x3dc VisualGDB/Debug/pd_proc.o
                0x0800cd58                pd_init
 .text.pd_check_mcu_mark
                0x0800d134       0x48 VisualGDB/Debug/pd_proc.o
                0x0800d134                pd_check_mcu_mark
 .text.pd_device_is_checked
                0x0800d17c       0x38 VisualGDB/Debug/pd_proc.o
                0x0800d17c                pd_device_is_checked
 .text.SystemClock_64M_Config
                0x0800d1b4      0x158 VisualGDB/Debug/platform_init.o
                0x0800d1b4                SystemClock_64M_Config
 .text.platform_init
                0x0800d30c      0x198 VisualGDB/Debug/platform_init.o
                0x0800d30c                platform_init
 .text.HAL_MspInit
                0x0800d4a4       0x30 VisualGDB/Debug/platform_init.o
                0x0800d4a4                HAL_MspInit
 .text.ExitLowPower
                0x0800d4d4       0xac VisualGDB/Debug/pm_proc.o
 .text.pwr_init
                0x0800d580        0x4 VisualGDB/Debug/pm_proc.o
                0x0800d580                pwr_init
 .text.pwr_disable_sleep
                0x0800d584       0x64 VisualGDB/Debug/pm_proc.o
                0x0800d584                pwr_disable_sleep
 .text.pm_proc_pre_idle
                0x0800d5e8       0x28 VisualGDB/Debug/pm_proc.o
                0x0800d5e8                pm_proc_pre_idle
 .text.pm_proc_post_idle
                0x0800d610       0x18 VisualGDB/Debug/pm_proc.o
                0x0800d610                pm_proc_post_idle
 .text.pwr_reset_mcu
                0x0800d628       0x48 VisualGDB/Debug/pm_proc.o
                0x0800d628                pwr_reset_mcu
 .text.pwr_shutdown_mcu
                0x0800d670       0x7c VisualGDB/Debug/pm_proc.o
                0x0800d670                pwr_shutdown_mcu
 .text.PWR_EnterStopMode
                0x0800d6ec      0x10c VisualGDB/Debug/pm_proc.o
                0x0800d6ec                PWR_EnterStopMode
 .text.pm_proc_idle
                0x0800d7f8       0x30 VisualGDB/Debug/pm_proc.o
                0x0800d7f8                pm_proc_idle
 .text.pwr_stop_mcu_for_delay
                0x0800d828       0x20 VisualGDB/Debug/pm_proc.o
                0x0800d828                pwr_stop_mcu_for_delay
 .text.pwr_check_mcu_alive
                0x0800d848       0x9c VisualGDB/Debug/pm_proc.o
                0x0800d848                pwr_check_mcu_alive
 .text.pwr_get_power_relative
                0x0800d8e4       0x4c VisualGDB/Debug/pm_proc.o
                0x0800d8e4                pwr_get_power_relative
 .text.SysTick_Handler
                0x0800d930        0x4 VisualGDB/Debug/stm32wbxx_it.o
                0x0800d930                SysTick_Handler
 .text.NMI_Handler
                0x0800d934       0x48 VisualGDB/Debug/stm32wbxx_it.o
                0x0800d934                NMI_Handler
 .text.HardFault_Handler
                0x0800d97c       0x48 VisualGDB/Debug/stm32wbxx_it.o
                0x0800d97c                HardFault_Handler
 .text.MemManage_Handler
                0x0800d9c4        0x4 VisualGDB/Debug/stm32wbxx_it.o
                0x0800d9c4                MemManage_Handler
 .text.BusFault_Handler
                0x0800d9c8        0x4 VisualGDB/Debug/stm32wbxx_it.o
                0x0800d9c8                BusFault_Handler
 .text.UsageFault_Handler
                0x0800d9cc        0x4 VisualGDB/Debug/stm32wbxx_it.o
                0x0800d9cc                UsageFault_Handler
 .text.DebugMon_Handler
                0x0800d9d0        0x4 VisualGDB/Debug/stm32wbxx_it.o
                0x0800d9d0                DebugMon_Handler
 .text.HSEM_IRQHandler
                0x0800d9d4        0x4 VisualGDB/Debug/stm32wbxx_it.o
                0x0800d9d4                HSEM_IRQHandler
 .text.IPCC_C1_TX_IRQHandler
                0x0800d9d8        0x4 VisualGDB/Debug/stm32wbxx_it.o
                0x0800d9d8                IPCC_C1_TX_IRQHandler
 .text.IPCC_C1_RX_IRQHandler
                0x0800d9dc        0x4 VisualGDB/Debug/stm32wbxx_it.o
                0x0800d9dc                IPCC_C1_RX_IRQHandler
 .text.EXTI4_IRQHandler
                0x0800d9e0        0x4 VisualGDB/Debug/stm32wbxx_it.o
                0x0800d9e0                EXTI4_IRQHandler
 .text.SystemInit
                0x0800d9e4       0x68 VisualGDB/Debug/system_stm32wbxx.o
                0x0800d9e4                SystemInit
 .text.get_version
                0x0800da4c      0x1a4 VisualGDB/Debug/user_global.o
                0x0800da4c                get_version
 .text.set_reboot_msg
                0x0800dbf0        0x8 VisualGDB/Debug/user_global.o
                0x0800dbf0                set_reboot_msg
 .text.read_reboot_msg
                0x0800dbf8        0x8 VisualGDB/Debug/user_global.o
                0x0800dbf8                read_reboot_msg
 .text.SVC_Handler
                0x0800dc00        0x4 VisualGDB/Debug/startup_stm32wb55xx_cm4.o
                0x0800dc00                SVC_Handler
 .text.PendSV_Handler
                0x0800dc04        0x4 VisualGDB/Debug/startup_stm32wb55xx_cm4.o
                0x0800dc04                PendSV_Handler
 .text.WWDG_IRQHandler
                0x0800dc08        0x4 VisualGDB/Debug/startup_stm32wb55xx_cm4.o
                0x0800dc08                WWDG_IRQHandler
 .text.PVD_PVM_IRQHandler
                0x0800dc0c        0x4 VisualGDB/Debug/startup_stm32wb55xx_cm4.o
                0x0800dc0c                PVD_PVM_IRQHandler
 .text.TAMP_STAMP_LSECSS_IRQHandler
                0x0800dc10        0x4 VisualGDB/Debug/startup_stm32wb55xx_cm4.o
                0x0800dc10                TAMP_STAMP_LSECSS_IRQHandler
 .text.FLASH_IRQHandler
                0x0800dc14        0x4 VisualGDB/Debug/startup_stm32wb55xx_cm4.o
                0x0800dc14                FLASH_IRQHandler
 .text.RCC_IRQHandler
                0x0800dc18        0x4 VisualGDB/Debug/startup_stm32wb55xx_cm4.o
                0x0800dc18                RCC_IRQHandler
 .text.EXTI0_IRQHandler
                0x0800dc1c        0x4 VisualGDB/Debug/startup_stm32wb55xx_cm4.o
                0x0800dc1c                EXTI0_IRQHandler
 .text.EXTI1_IRQHandler
                0x0800dc20        0x4 VisualGDB/Debug/startup_stm32wb55xx_cm4.o
                0x0800dc20                EXTI1_IRQHandler
 .text.EXTI2_IRQHandler
                0x0800dc24        0x4 VisualGDB/Debug/startup_stm32wb55xx_cm4.o
                0x0800dc24                EXTI2_IRQHandler
 .text.EXTI3_IRQHandler
                0x0800dc28        0x4 VisualGDB/Debug/startup_stm32wb55xx_cm4.o
                0x0800dc28                EXTI3_IRQHandler
 .text.DMA1_Channel4_IRQHandler
                0x0800dc2c        0x4 VisualGDB/Debug/startup_stm32wb55xx_cm4.o
                0x0800dc2c                DMA1_Channel4_IRQHandler
 .text.DMA1_Channel5_IRQHandler
                0x0800dc30        0x4 VisualGDB/Debug/startup_stm32wb55xx_cm4.o
                0x0800dc30                DMA1_Channel5_IRQHandler
 .text.DMA1_Channel6_IRQHandler
                0x0800dc34        0x4 VisualGDB/Debug/startup_stm32wb55xx_cm4.o
                0x0800dc34                DMA1_Channel6_IRQHandler
 .text.DMA1_Channel7_IRQHandler
                0x0800dc38        0x4 VisualGDB/Debug/startup_stm32wb55xx_cm4.o
                0x0800dc38                DMA1_Channel7_IRQHandler
 .text.ADC1_IRQHandler
                0x0800dc3c        0x4 VisualGDB/Debug/startup_stm32wb55xx_cm4.o
                0x0800dc3c                ADC1_IRQHandler
 .text.USB_HP_IRQHandler
                0x0800dc40        0x4 VisualGDB/Debug/startup_stm32wb55xx_cm4.o
                0x0800dc40                USB_HP_IRQHandler
 .text.USB_LP_IRQHandler
                0x0800dc44        0x4 VisualGDB/Debug/startup_stm32wb55xx_cm4.o
                0x0800dc44                USB_LP_IRQHandler
 .text.C2SEV_PWR_C2H_IRQHandler
                0x0800dc48        0x4 VisualGDB/Debug/startup_stm32wb55xx_cm4.o
                0x0800dc48                C2SEV_PWR_C2H_IRQHandler
 .text.COMP_IRQHandler
                0x0800dc4c        0x4 VisualGDB/Debug/startup_stm32wb55xx_cm4.o
                0x0800dc4c                COMP_IRQHandler
 .text.EXTI9_5_IRQHandler
                0x0800dc50        0x4 VisualGDB/Debug/startup_stm32wb55xx_cm4.o
                0x0800dc50                EXTI9_5_IRQHandler
 .text.TIM1_BRK_IRQHandler
                0x0800dc54        0x4 VisualGDB/Debug/startup_stm32wb55xx_cm4.o
                0x0800dc54                TIM1_BRK_IRQHandler
 .text.TIM1_UP_TIM16_IRQHandler
                0x0800dc58        0x4 VisualGDB/Debug/startup_stm32wb55xx_cm4.o
                0x0800dc58                TIM1_UP_TIM16_IRQHandler
 .text.TIM1_TRG_COM_TIM17_IRQHandler
                0x0800dc5c        0x4 VisualGDB/Debug/startup_stm32wb55xx_cm4.o
                0x0800dc5c                TIM1_TRG_COM_TIM17_IRQHandler
 .text.TIM1_CC_IRQHandler
                0x0800dc60        0x4 VisualGDB/Debug/startup_stm32wb55xx_cm4.o
                0x0800dc60                TIM1_CC_IRQHandler
 .text.TIM2_IRQHandler
                0x0800dc64        0x4 VisualGDB/Debug/startup_stm32wb55xx_cm4.o
                0x0800dc64                TIM2_IRQHandler
 .text.PKA_IRQHandler
                0x0800dc68        0x4 VisualGDB/Debug/startup_stm32wb55xx_cm4.o
                0x0800dc68                PKA_IRQHandler
 .text.I2C1_EV_IRQHandler
                0x0800dc6c        0x4 VisualGDB/Debug/startup_stm32wb55xx_cm4.o
                0x0800dc6c                I2C1_EV_IRQHandler
 .text.I2C1_ER_IRQHandler
                0x0800dc70        0x4 VisualGDB/Debug/startup_stm32wb55xx_cm4.o
                0x0800dc70                I2C1_ER_IRQHandler
 .text.I2C3_EV_IRQHandler
                0x0800dc74        0x4 VisualGDB/Debug/startup_stm32wb55xx_cm4.o
                0x0800dc74                I2C3_EV_IRQHandler
 .text.I2C3_ER_IRQHandler
                0x0800dc78        0x4 VisualGDB/Debug/startup_stm32wb55xx_cm4.o
                0x0800dc78                I2C3_ER_IRQHandler
 .text.SPI1_IRQHandler
                0x0800dc7c        0x4 VisualGDB/Debug/startup_stm32wb55xx_cm4.o
                0x0800dc7c                SPI1_IRQHandler
 .text.SPI2_IRQHandler
                0x0800dc80        0x4 VisualGDB/Debug/startup_stm32wb55xx_cm4.o
                0x0800dc80                SPI2_IRQHandler
 .text.LPUART1_IRQHandler
                0x0800dc84        0x4 VisualGDB/Debug/startup_stm32wb55xx_cm4.o
                0x0800dc84                LPUART1_IRQHandler
 .text.SAI1_IRQHandler
                0x0800dc88        0x4 VisualGDB/Debug/startup_stm32wb55xx_cm4.o
                0x0800dc88                SAI1_IRQHandler
 .text.TSC_IRQHandler
                0x0800dc8c        0x4 VisualGDB/Debug/startup_stm32wb55xx_cm4.o
                0x0800dc8c                TSC_IRQHandler
 .text.EXTI15_10_IRQHandler
                0x0800dc90        0x4 VisualGDB/Debug/startup_stm32wb55xx_cm4.o
                0x0800dc90                EXTI15_10_IRQHandler
 .text.RTC_Alarm_IRQHandler
                0x0800dc94        0x4 VisualGDB/Debug/startup_stm32wb55xx_cm4.o
                0x0800dc94                RTC_Alarm_IRQHandler
 .text.CRS_IRQHandler
                0x0800dc98        0x4 VisualGDB/Debug/startup_stm32wb55xx_cm4.o
                0x0800dc98                CRS_IRQHandler
 .text.PWR_SOTF_BLEACT_802ACT_RFPHASE_IRQHandler
                0x0800dc9c        0x4 VisualGDB/Debug/startup_stm32wb55xx_cm4.o
                0x0800dc9c                PWR_SOTF_BLEACT_802ACT_RFPHASE_IRQHandler
 .text.LPTIM2_IRQHandler
                0x0800dca0        0x4 VisualGDB/Debug/startup_stm32wb55xx_cm4.o
                0x0800dca0                LPTIM2_IRQHandler
 .text.LCD_IRQHandler
                0x0800dca4        0x4 VisualGDB/Debug/startup_stm32wb55xx_cm4.o
                0x0800dca4                LCD_IRQHandler
 .text.QUADSPI_IRQHandler
                0x0800dca8        0x4 VisualGDB/Debug/startup_stm32wb55xx_cm4.o
                0x0800dca8                QUADSPI_IRQHandler
 .text.AES1_IRQHandler
                0x0800dcac        0x4 VisualGDB/Debug/startup_stm32wb55xx_cm4.o
                0x0800dcac                AES1_IRQHandler
 .text.AES2_IRQHandler
                0x0800dcb0        0x4 VisualGDB/Debug/startup_stm32wb55xx_cm4.o
                0x0800dcb0                AES2_IRQHandler
 .text.RNG_IRQHandler
                0x0800dcb4        0x4 VisualGDB/Debug/startup_stm32wb55xx_cm4.o
                0x0800dcb4                RNG_IRQHandler
 .text.FPU_IRQHandler
                0x0800dcb8        0x4 VisualGDB/Debug/startup_stm32wb55xx_cm4.o
                0x0800dcb8                FPU_IRQHandler
 .text.DMA2_Channel1_IRQHandler
                0x0800dcbc        0x4 VisualGDB/Debug/startup_stm32wb55xx_cm4.o
                0x0800dcbc                DMA2_Channel1_IRQHandler
 .text.DMA2_Channel2_IRQHandler
                0x0800dcc0        0x4 VisualGDB/Debug/startup_stm32wb55xx_cm4.o
                0x0800dcc0                DMA2_Channel2_IRQHandler
 .text.DMA2_Channel3_IRQHandler
                0x0800dcc4        0x4 VisualGDB/Debug/startup_stm32wb55xx_cm4.o
                0x0800dcc4                DMA2_Channel3_IRQHandler
 .text.DMA2_Channel4_IRQHandler
                0x0800dcc8        0x4 VisualGDB/Debug/startup_stm32wb55xx_cm4.o
                0x0800dcc8                DMA2_Channel4_IRQHandler
 .text.DMA2_Channel5_IRQHandler
                0x0800dccc        0x4 VisualGDB/Debug/startup_stm32wb55xx_cm4.o
                0x0800dccc                DMA2_Channel5_IRQHandler
 .text.DMA2_Channel6_IRQHandler
                0x0800dcd0        0x4 VisualGDB/Debug/startup_stm32wb55xx_cm4.o
                0x0800dcd0                DMA2_Channel6_IRQHandler
 .text.DMA2_Channel7_IRQHandler
                0x0800dcd4        0x4 VisualGDB/Debug/startup_stm32wb55xx_cm4.o
                0x0800dcd4                DMA2_Channel7_IRQHandler
 .text.DMAMUX1_OVR_IRQHandler
                0x0800dcd8        0x4 VisualGDB/Debug/startup_stm32wb55xx_cm4.o
                0x0800dcd8                DMAMUX1_OVR_IRQHandler
 .text.Reset_Handler
                0x0800dcdc       0x44 VisualGDB/Debug/startup_stm32wb55xx_cm4.o
                0x0800dcdc                Reset_Handler
 .text.HAL_Init
                0x0800dd20       0x30 VisualGDB/Debug/stm32wbxx_hal.o
                0x0800dd20                HAL_Init
 .text.HAL_IncTick
                0x0800dd50       0x18 VisualGDB/Debug/stm32wbxx_hal.o
                0x0800dd50                HAL_IncTick
 .text.HAL_SuspendTick
                0x0800dd68       0x10 VisualGDB/Debug/stm32wbxx_hal.o
                0x0800dd68                HAL_SuspendTick
 .text.HAL_GetUIDw0
                0x0800dd78        0xc VisualGDB/Debug/stm32wbxx_hal.o
                0x0800dd78                HAL_GetUIDw0
 .text.HAL_GetUIDw1
                0x0800dd84        0xc VisualGDB/Debug/stm32wbxx_hal.o
                0x0800dd84                HAL_GetUIDw1
 .text.HAL_GetUIDw2
                0x0800dd90        0xc VisualGDB/Debug/stm32wbxx_hal.o
                0x0800dd90                HAL_GetUIDw2
 .text.HAL_NVIC_SetPriorityGrouping
                0x0800dd9c       0x24 VisualGDB/Debug/stm32wbxx_hal_cortex.o
                0x0800dd9c                HAL_NVIC_SetPriorityGrouping
 .text.HAL_NVIC_SetPriority
                0x0800ddc0       0x7c VisualGDB/Debug/stm32wbxx_hal_cortex.o
                0x0800ddc0                HAL_NVIC_SetPriority
 .text.HAL_NVIC_EnableIRQ
                0x0800de3c       0x1c VisualGDB/Debug/stm32wbxx_hal_cortex.o
                0x0800de3c                HAL_NVIC_EnableIRQ
 .text.HAL_NVIC_DisableIRQ
                0x0800de58       0x28 VisualGDB/Debug/stm32wbxx_hal_cortex.o
                0x0800de58                HAL_NVIC_DisableIRQ
 .text.HAL_NVIC_SystemReset
                0x0800de80       0x24 VisualGDB/Debug/stm32wbxx_hal_cortex.o
                0x0800de80                HAL_NVIC_SystemReset
 .text.HAL_NVIC_SetPendingIRQ
                0x0800dea4       0x20 VisualGDB/Debug/stm32wbxx_hal_cortex.o
                0x0800dea4                HAL_NVIC_SetPendingIRQ
 .text.HAL_NVIC_ClearPendingIRQ
                0x0800dec4       0x20 VisualGDB/Debug/stm32wbxx_hal_cortex.o
                0x0800dec4                HAL_NVIC_ClearPendingIRQ
 .text.CRC_Handle_8
                0x0800dee4       0x84 VisualGDB/Debug/stm32wbxx_hal_crc.o
 .text.HAL_CRC_Init
                0x0800df68       0x7c VisualGDB/Debug/stm32wbxx_hal_crc.o
                0x0800df68                HAL_CRC_Init
 .text.HAL_CRC_Accumulate
                0x0800dfe4       0x84 VisualGDB/Debug/stm32wbxx_hal_crc.o
                0x0800dfe4                HAL_CRC_Accumulate
 .text.HAL_CRC_Calculate
                0x0800e068       0x7c VisualGDB/Debug/stm32wbxx_hal_crc.o
                0x0800e068                HAL_CRC_Calculate
 .text.HAL_CRCEx_Polynomial_Set
                0x0800e0e4       0x68 VisualGDB/Debug/stm32wbxx_hal_crc_ex.o
                0x0800e0e4                HAL_CRCEx_Polynomial_Set
 .text.HAL_DMA_Init
                0x0800e14c      0x12c VisualGDB/Debug/stm32wbxx_hal_dma.o
                0x0800e14c                HAL_DMA_Init
 .text.HAL_DMA_DeInit
                0x0800e278       0xf4 VisualGDB/Debug/stm32wbxx_hal_dma.o
                0x0800e278                HAL_DMA_DeInit
 .text.HAL_DMA_Start_IT
                0x0800e36c       0xb4 VisualGDB/Debug/stm32wbxx_hal_dma.o
                0x0800e36c                HAL_DMA_Start_IT
 .text.HAL_DMA_Abort
                0x0800e420       0x74 VisualGDB/Debug/stm32wbxx_hal_dma.o
                0x0800e420                HAL_DMA_Abort
 .text.HAL_DMA_Abort_IT
                0x0800e494       0x70 VisualGDB/Debug/stm32wbxx_hal_dma.o
                0x0800e494                HAL_DMA_Abort_IT
 .text.HAL_DMA_IRQHandler
                0x0800e504       0x9c VisualGDB/Debug/stm32wbxx_hal_dma.o
                0x0800e504                HAL_DMA_IRQHandler
 .text.HAL_FLASH_Unlock
                0x0800e5a0       0x28 VisualGDB/Debug/stm32wbxx_hal_flash.o
                0x0800e5a0                HAL_FLASH_Unlock
 .text.HAL_FLASH_Lock
                0x0800e5c8       0x18 VisualGDB/Debug/stm32wbxx_hal_flash.o
                0x0800e5c8                HAL_FLASH_Lock
 .text.FLASH_PageErase
                0x0800e5e0       0x1c VisualGDB/Debug/stm32wbxx_hal_flash_ex.o
                0x0800e5e0                FLASH_PageErase
 .text.HAL_GPIO_Init
                0x0800e5fc      0x1bc VisualGDB/Debug/stm32wbxx_hal_gpio.o
                0x0800e5fc                HAL_GPIO_Init
 .text.HAL_GPIO_DeInit
                0x0800e7b8      0x118 VisualGDB/Debug/stm32wbxx_hal_gpio.o
                0x0800e7b8                HAL_GPIO_DeInit
 .text.HAL_GPIO_ReadPin
                0x0800e8d0        0xc VisualGDB/Debug/stm32wbxx_hal_gpio.o
                0x0800e8d0                HAL_GPIO_ReadPin
 .text.HAL_GPIO_WritePin
                0x0800e8dc        0xc VisualGDB/Debug/stm32wbxx_hal_gpio.o
                0x0800e8dc                HAL_GPIO_WritePin
 .text.HAL_GPIO_TogglePin
                0x0800e8e8       0x14 VisualGDB/Debug/stm32wbxx_hal_gpio.o
                0x0800e8e8                HAL_GPIO_TogglePin
 .text.HAL_HSEM_ActivateNotification
                0x0800e8fc       0x10 VisualGDB/Debug/stm32wbxx_hal_hsem.o
                0x0800e8fc                HAL_HSEM_ActivateNotification
 .text.HAL_HSEM_DeactivateNotification
                0x0800e90c       0x10 VisualGDB/Debug/stm32wbxx_hal_hsem.o
                0x0800e90c                HAL_HSEM_DeactivateNotification
 .text.HAL_HSEM_IRQHandler
                0x0800e91c       0x1c VisualGDB/Debug/stm32wbxx_hal_hsem.o
                0x0800e91c                HAL_HSEM_IRQHandler
 .text.HAL_IPCC_TxCallback
                0x0800e938        0x4 VisualGDB/Debug/stm32wbxx_hal_ipcc.o
                0x0800e938                HAL_IPCC_TxCallback
 .text.HAL_IPCC_RxCallback
                0x0800e93c        0x4 VisualGDB/Debug/stm32wbxx_hal_ipcc.o
                0x0800e93c                HAL_IPCC_RxCallback
 .text.HAL_IPCC_Init
                0x0800e940       0x60 VisualGDB/Debug/stm32wbxx_hal_ipcc.o
                0x0800e940                HAL_IPCC_Init
 .text.HAL_LPTIM_MspInit
                0x0800e9a0        0x4 VisualGDB/Debug/stm32wbxx_hal_lptim.o
                0x0800e9a0                HAL_LPTIM_MspInit
 .text.HAL_LPTIM_DirectionDownCallback
                0x0800e9a4        0x4 VisualGDB/Debug/stm32wbxx_hal_lptim.o
                0x0800e9a4                HAL_LPTIM_DirectionDownCallback
 .text.HAL_LPTIM_CompareMatchCallback
                0x0800e9a8        0x4 VisualGDB/Debug/stm32wbxx_hal_lptim.o
                0x0800e9a8                HAL_LPTIM_CompareMatchCallback
 .text.HAL_LPTIM_AutoReloadMatchCallback
                0x0800e9ac        0x4 VisualGDB/Debug/stm32wbxx_hal_lptim.o
                0x0800e9ac                HAL_LPTIM_AutoReloadMatchCallback
 .text.HAL_LPTIM_TriggerCallback
                0x0800e9b0        0x4 VisualGDB/Debug/stm32wbxx_hal_lptim.o
                0x0800e9b0                HAL_LPTIM_TriggerCallback
 .text.HAL_LPTIM_CompareWriteCallback
                0x0800e9b4        0x4 VisualGDB/Debug/stm32wbxx_hal_lptim.o
                0x0800e9b4                HAL_LPTIM_CompareWriteCallback
 .text.HAL_LPTIM_AutoReloadWriteCallback
                0x0800e9b8        0x4 VisualGDB/Debug/stm32wbxx_hal_lptim.o
                0x0800e9b8                HAL_LPTIM_AutoReloadWriteCallback
 .text.HAL_LPTIM_DirectionUpCallback
                0x0800e9bc        0x4 VisualGDB/Debug/stm32wbxx_hal_lptim.o
                0x0800e9bc                HAL_LPTIM_DirectionUpCallback
 .text.HAL_LPTIM_Init
                0x0800e9c0      0x104 VisualGDB/Debug/stm32wbxx_hal_lptim.o
                0x0800e9c0                HAL_LPTIM_Init
 .text.HAL_LPTIM_IRQHandler
                0x0800eac4       0xbc VisualGDB/Debug/stm32wbxx_hal_lptim.o
                0x0800eac4                HAL_LPTIM_IRQHandler
 .text.HAL_LPTIM_RegisterCallback
                0x0800eb80       0x84 VisualGDB/Debug/stm32wbxx_hal_lptim.o
                0x0800eb80                HAL_LPTIM_RegisterCallback
 .text.LPTIM_Disable
                0x0800ec04      0x1cc VisualGDB/Debug/stm32wbxx_hal_lptim.o
                0x0800ec04                LPTIM_Disable
 .text.HAL_LPTIM_Counter_Start_IT
                0x0800edd0       0xb8 VisualGDB/Debug/stm32wbxx_hal_lptim.o
                0x0800edd0                HAL_LPTIM_Counter_Start_IT
 .text.HAL_PWR_EnableWakeUpPin
                0x0800ee88       0x20 VisualGDB/Debug/stm32wbxx_hal_pwr.o
                0x0800ee88                HAL_PWR_EnableWakeUpPin
 .text.HAL_RCC_GetSysClockFreq.part.0
                0x0800eea8       0x74 VisualGDB/Debug/stm32wbxx_hal_rcc.o
 .text.HAL_RCC_GetSysClockFreq
                0x0800ef1c       0x50 VisualGDB/Debug/stm32wbxx_hal_rcc.o
                0x0800ef1c                HAL_RCC_GetSysClockFreq
 .text.HAL_RCC_GetHCLKFreq
                0x0800ef6c       0x6c VisualGDB/Debug/stm32wbxx_hal_rcc.o
                0x0800ef6c                HAL_RCC_GetHCLKFreq
 .text.HAL_RCC_GetPCLK1Freq
                0x0800efd8       0x80 VisualGDB/Debug/stm32wbxx_hal_rcc.o
                0x0800efd8                HAL_RCC_GetPCLK1Freq
 .text.HAL_RCC_GetPCLK2Freq
                0x0800f058       0x80 VisualGDB/Debug/stm32wbxx_hal_rcc.o
                0x0800f058                HAL_RCC_GetPCLK2Freq
 .text.HAL_RNG_MspInit
                0x0800f0d8        0x4 VisualGDB/Debug/stm32wbxx_hal_rng.o
                0x0800f0d8                HAL_RNG_MspInit
 .text.HAL_RNG_ReadyDataCallback
                0x0800f0dc        0x4 VisualGDB/Debug/stm32wbxx_hal_rng.o
                0x0800f0dc                HAL_RNG_ReadyDataCallback
 .text.HAL_RNG_ErrorCallback
                0x0800f0e0        0x4 VisualGDB/Debug/stm32wbxx_hal_rng.o
                0x0800f0e0                HAL_RNG_ErrorCallback
 .text.HAL_RNG_Init
                0x0800f0e4       0x5c VisualGDB/Debug/stm32wbxx_hal_rng.o
                0x0800f0e4                HAL_RNG_Init
 .text.HAL_RNG_RegisterCallback
                0x0800f140       0x78 VisualGDB/Debug/stm32wbxx_hal_rng.o
                0x0800f140                HAL_RNG_RegisterCallback
 .text.HAL_RTC_MspInit
                0x0800f1b8        0x4 VisualGDB/Debug/stm32wbxx_hal_rtc.o
                0x0800f1b8                HAL_RTC_MspInit
 .text.HAL_RTC_AlarmAEventCallback
                0x0800f1bc        0x4 VisualGDB/Debug/stm32wbxx_hal_rtc.o
                0x0800f1bc                HAL_RTC_AlarmAEventCallback
 .text.HAL_RTC_MspDeInit
                0x0800f1c0        0x4 VisualGDB/Debug/stm32wbxx_hal_rtc.o
                0x0800f1c0                HAL_RTC_MspDeInit
 .text.HAL_RTC_Init
                0x0800f1c4      0x154 VisualGDB/Debug/stm32wbxx_hal_rtc.o
                0x0800f1c4                HAL_RTC_Init
 .text.HAL_RTC_RegisterCallback
                0x0800f318       0xc4 VisualGDB/Debug/stm32wbxx_hal_rtc.o
                0x0800f318                HAL_RTC_RegisterCallback
 .text.HAL_RTCEx_TimeStampEventCallback
                0x0800f3dc        0x4 VisualGDB/Debug/stm32wbxx_hal_rtc_ex.o
                0x0800f3dc                HAL_RTCEx_TimeStampEventCallback
 .text.HAL_RTCEx_Tamper1EventCallback
                0x0800f3e0        0x4 VisualGDB/Debug/stm32wbxx_hal_rtc_ex.o
                0x0800f3e0                HAL_RTCEx_Tamper1EventCallback
 .text.HAL_RTCEx_Tamper2EventCallback
                0x0800f3e4        0x4 VisualGDB/Debug/stm32wbxx_hal_rtc_ex.o
                0x0800f3e4                HAL_RTCEx_Tamper2EventCallback
 .text.HAL_RTCEx_Tamper3EventCallback
                0x0800f3e8        0x4 VisualGDB/Debug/stm32wbxx_hal_rtc_ex.o
                0x0800f3e8                HAL_RTCEx_Tamper3EventCallback
 .text.HAL_RTCEx_WakeUpTimerEventCallback
                0x0800f3ec        0x4 VisualGDB/Debug/stm32wbxx_hal_rtc_ex.o
                0x0800f3ec                HAL_RTCEx_WakeUpTimerEventCallback
 .text.HAL_RTCEx_EnableBypassShadow
                0x0800f3f0       0x40 VisualGDB/Debug/stm32wbxx_hal_rtc_ex.o
                0x0800f3f0                HAL_RTCEx_EnableBypassShadow
 .text.HAL_RTCEx_AlarmBEventCallback
                0x0800f430        0x4 VisualGDB/Debug/stm32wbxx_hal_rtc_ex.o
                0x0800f430                HAL_RTCEx_AlarmBEventCallback
 .text.HAL_SPI_MspInit
                0x0800f434        0x4 VisualGDB/Debug/stm32wbxx_hal_spi.o
                0x0800f434                HAL_SPI_MspInit
 .text.SPI_DMAHalfReceiveCplt
                0x0800f438        0x8 VisualGDB/Debug/stm32wbxx_hal_spi.o
 .text.SPI_DMAHalfTransmitReceiveCplt
                0x0800f440        0x8 VisualGDB/Debug/stm32wbxx_hal_spi.o
 .text.SPI_DMAError
                0x0800f448       0x20 VisualGDB/Debug/stm32wbxx_hal_spi.o
 .text.SPI_WaitFifoStateUntilTimeout.constprop.0
                0x0800f468       0xec VisualGDB/Debug/stm32wbxx_hal_spi.o
 .text.HAL_SPI_AbortCpltCallback
                0x0800f554        0x4 VisualGDB/Debug/stm32wbxx_hal_spi.o
                0x0800f554                HAL_SPI_AbortCpltCallback
 .text.HAL_SPI_MspDeInit
                0x0800f558        0x4 VisualGDB/Debug/stm32wbxx_hal_spi.o
                0x0800f558                HAL_SPI_MspDeInit
 .text.HAL_SPI_TxCpltCallback
                0x0800f55c        0x4 VisualGDB/Debug/stm32wbxx_hal_spi.o
                0x0800f55c                HAL_SPI_TxCpltCallback
 .text.HAL_SPI_RxCpltCallback
                0x0800f560        0x4 VisualGDB/Debug/stm32wbxx_hal_spi.o
                0x0800f560                HAL_SPI_RxCpltCallback
 .text.HAL_SPI_TxRxCpltCallback
                0x0800f564        0x4 VisualGDB/Debug/stm32wbxx_hal_spi.o
                0x0800f564                HAL_SPI_TxRxCpltCallback
 .text.HAL_SPI_TxHalfCpltCallback
                0x0800f568        0x4 VisualGDB/Debug/stm32wbxx_hal_spi.o
                0x0800f568                HAL_SPI_TxHalfCpltCallback
 .text.HAL_SPI_RxHalfCpltCallback
                0x0800f56c        0x4 VisualGDB/Debug/stm32wbxx_hal_spi.o
                0x0800f56c                HAL_SPI_RxHalfCpltCallback
 .text.HAL_SPI_TxRxHalfCpltCallback
                0x0800f570        0x4 VisualGDB/Debug/stm32wbxx_hal_spi.o
                0x0800f570                HAL_SPI_TxRxHalfCpltCallback
 .text.HAL_SPI_ErrorCallback
                0x0800f574        0x4 VisualGDB/Debug/stm32wbxx_hal_spi.o
                0x0800f574                HAL_SPI_ErrorCallback
 .text.SPI_WaitFlagStateUntilTimeout.constprop.0
                0x0800f578       0xb8 VisualGDB/Debug/stm32wbxx_hal_spi.o
 .text.SPI_EndRxTxTransaction.constprop.0
                0x0800f630       0xf0 VisualGDB/Debug/stm32wbxx_hal_spi.o
 .text.SPI_DMATransmitReceiveCplt
                0x0800f720       0x60 VisualGDB/Debug/stm32wbxx_hal_spi.o
 .text.SPI_EndRxTransaction.constprop.0
                0x0800f780       0x78 VisualGDB/Debug/stm32wbxx_hal_spi.o
 .text.SPI_DMAReceiveCplt
                0x0800f7f8       0x6c VisualGDB/Debug/stm32wbxx_hal_spi.o
 .text.HAL_SPI_Init
                0x0800f864      0x14c VisualGDB/Debug/stm32wbxx_hal_spi.o
                0x0800f864                HAL_SPI_Init
 .text.HAL_SPI_DeInit
                0x0800f9b0       0x40 VisualGDB/Debug/stm32wbxx_hal_spi.o
                0x0800f9b0                HAL_SPI_DeInit
 .text.HAL_SPI_RegisterCallback
                0x0800f9f0       0xcc VisualGDB/Debug/stm32wbxx_hal_spi.o
                0x0800f9f0                HAL_SPI_RegisterCallback
 .text.HAL_SPI_TransmitReceive_DMA
                0x0800fabc      0x1b4 VisualGDB/Debug/stm32wbxx_hal_spi.o
                0x0800fabc                HAL_SPI_TransmitReceive_DMA
 .text.HAL_UART_MspInit
                0x0800fc70        0x4 VisualGDB/Debug/stm32wbxx_hal_uart.o
                0x0800fc70                HAL_UART_MspInit
 .text.HAL_UARTEx_RxEventCallback
                0x0800fc74        0x4 VisualGDB/Debug/stm32wbxx_hal_uart.o
                0x0800fc74                HAL_UARTEx_RxEventCallback
 .text.UART_DMATransmitCplt
                0x0800fc78       0x44 VisualGDB/Debug/stm32wbxx_hal_uart.o
 .text.UART_DMATxHalfCplt
                0x0800fcbc        0x8 VisualGDB/Debug/stm32wbxx_hal_uart.o
 .text.UART_DMAAbortOnError
                0x0800fcc4       0x14 VisualGDB/Debug/stm32wbxx_hal_uart.o
 .text.UART_RxISR_8BIT_FIFOEN
                0x0800fcd8      0x1b0 VisualGDB/Debug/stm32wbxx_hal_uart.o
 .text.UART_RxISR_16BIT_FIFOEN
                0x0800fe88      0x1a8 VisualGDB/Debug/stm32wbxx_hal_uart.o
 .text.UART_RxISR_8BIT.part.0
                0x08010030       0x64 VisualGDB/Debug/stm32wbxx_hal_uart.o
 .text.UART_RxISR_8BIT
                0x08010094       0x44 VisualGDB/Debug/stm32wbxx_hal_uart.o
 .text.UART_RxISR_16BIT
                0x080100d8       0x40 VisualGDB/Debug/stm32wbxx_hal_uart.o
 .text.HAL_UART_AbortReceiveCpltCallback
                0x08010118        0x4 VisualGDB/Debug/stm32wbxx_hal_uart.o
                0x08010118                HAL_UART_AbortReceiveCpltCallback
 .text.HAL_UART_TxCpltCallback
                0x0801011c        0x4 VisualGDB/Debug/stm32wbxx_hal_uart.o
                0x0801011c                HAL_UART_TxCpltCallback
 .text.HAL_UART_TxHalfCpltCallback
                0x08010120        0x4 VisualGDB/Debug/stm32wbxx_hal_uart.o
                0x08010120                HAL_UART_TxHalfCpltCallback
 .text.HAL_UART_RxCpltCallback
                0x08010124        0x4 VisualGDB/Debug/stm32wbxx_hal_uart.o
                0x08010124                HAL_UART_RxCpltCallback
 .text.HAL_UART_RxHalfCpltCallback
                0x08010128        0x4 VisualGDB/Debug/stm32wbxx_hal_uart.o
                0x08010128                HAL_UART_RxHalfCpltCallback
 .text.HAL_UART_ErrorCallback
                0x0801012c        0x4 VisualGDB/Debug/stm32wbxx_hal_uart.o
                0x0801012c                HAL_UART_ErrorCallback
 .text.HAL_UART_AbortCpltCallback
                0x08010130        0x4 VisualGDB/Debug/stm32wbxx_hal_uart.o
                0x08010130                HAL_UART_AbortCpltCallback
 .text.HAL_UART_AbortTransmitCpltCallback
                0x08010134        0x4 VisualGDB/Debug/stm32wbxx_hal_uart.o
                0x08010134                HAL_UART_AbortTransmitCpltCallback
 .text.UART_DMAError
                0x08010138       0xd8 VisualGDB/Debug/stm32wbxx_hal_uart.o
 .text.HAL_UART_RegisterCallback
                0x08010210       0xe4 VisualGDB/Debug/stm32wbxx_hal_uart.o
                0x08010210                HAL_UART_RegisterCallback
 .text.HAL_UART_Receive_IT
                0x080102f4      0x1a8 VisualGDB/Debug/stm32wbxx_hal_uart.o
                0x080102f4                HAL_UART_Receive_IT
 .text.HAL_UART_Transmit_DMA
                0x0801049c       0xb0 VisualGDB/Debug/stm32wbxx_hal_uart.o
                0x0801049c                HAL_UART_Transmit_DMA
 .text.HAL_UART_IRQHandler
                0x0801054c      0x378 VisualGDB/Debug/stm32wbxx_hal_uart.o
                0x0801054c                HAL_UART_IRQHandler
 .text.UART_AdvFeatureConfig
                0x080108c4       0xb0 VisualGDB/Debug/stm32wbxx_hal_uart.o
                0x080108c4                UART_AdvFeatureConfig
 .text.UART_CheckIdleState
                0x08010974      0x160 VisualGDB/Debug/stm32wbxx_hal_uart.o
                0x08010974                UART_CheckIdleState
 .text.HAL_UART_Init
                0x08010ad4      0x344 VisualGDB/Debug/stm32wbxx_hal_uart.o
                0x08010ad4                HAL_UART_Init
 .text.UART_WaitOnFlagUntilTimeout
                0x08010e18       0xf0 VisualGDB/Debug/stm32wbxx_hal_uart.o
                0x08010e18                UART_WaitOnFlagUntilTimeout
 .text.HAL_UART_Transmit
                0x08010f08      0x18c VisualGDB/Debug/stm32wbxx_hal_uart.o
                0x08010f08                HAL_UART_Transmit
 .text.HAL_UARTEx_WakeupCallback
                0x08011094        0x4 VisualGDB/Debug/stm32wbxx_hal_uart_ex.o
                0x08011094                HAL_UARTEx_WakeupCallback
 .text.HAL_UARTEx_RxFifoFullCallback
                0x08011098        0x4 VisualGDB/Debug/stm32wbxx_hal_uart_ex.o
                0x08011098                HAL_UARTEx_RxFifoFullCallback
 .text.HAL_UARTEx_TxFifoEmptyCallback
                0x0801109c        0x4 VisualGDB/Debug/stm32wbxx_hal_uart_ex.o
                0x0801109c                HAL_UARTEx_TxFifoEmptyCallback
 .text.HAL_UARTEx_DisableFifoMode
                0x080110a0       0x3c VisualGDB/Debug/stm32wbxx_hal_uart_ex.o
                0x080110a0                HAL_UARTEx_DisableFifoMode
 .text.HAL_UARTEx_SetTxFifoThreshold
                0x080110dc       0x84 VisualGDB/Debug/stm32wbxx_hal_uart_ex.o
                0x080110dc                HAL_UARTEx_SetTxFifoThreshold
 .text.HAL_UARTEx_SetRxFifoThreshold
                0x08011160       0x84 VisualGDB/Debug/stm32wbxx_hal_uart_ex.o
                0x08011160                HAL_UARTEx_SetRxFifoThreshold
 .text.LL_SetSystemCoreClock
                0x080111e4        0xc VisualGDB/Debug/stm32wbxx_ll_utils.o
                0x080111e4                LL_SetSystemCoreClock
 .text.atoi     0x080111f0        0x8 c:/sysgcc/arm-eabi/bin/../lib/gcc/arm-none-eabi/10.3.1/../../../../arm-none-eabi/lib/thumb/v7e-m+fp/hard\libc_nano.a(lib_a-atoi.o)
                0x080111f0                atoi
 .text.__errno  0x080111f8        0xc c:/sysgcc/arm-eabi/bin/../lib/gcc/arm-none-eabi/10.3.1/../../../../arm-none-eabi/lib/thumb/v7e-m+fp/hard\libc_nano.a(lib_a-errno.o)
                0x080111f8                __errno
 .text.__libc_init_array
                0x08011204       0x48 c:/sysgcc/arm-eabi/bin/../lib/gcc/arm-none-eabi/10.3.1/../../../../arm-none-eabi/lib/thumb/v7e-m+fp/hard\libc_nano.a(lib_a-init.o)
                0x08011204                __libc_init_array
 .text.memcmp   0x0801124c       0x20 c:/sysgcc/arm-eabi/bin/../lib/gcc/arm-none-eabi/10.3.1/../../../../arm-none-eabi/lib/thumb/v7e-m+fp/hard\libc_nano.a(lib_a-memcmp.o)
                0x0801124c                memcmp
 .text.memcpy   0x0801126c       0x1c c:/sysgcc/arm-eabi/bin/../lib/gcc/arm-none-eabi/10.3.1/../../../../arm-none-eabi/lib/thumb/v7e-m+fp/hard\libc_nano.a(lib_a-memcpy-stub.o)
                0x0801126c                memcpy
 .text.memset   0x08011288       0x10 c:/sysgcc/arm-eabi/bin/../lib/gcc/arm-none-eabi/10.3.1/../../../../arm-none-eabi/lib/thumb/v7e-m+fp/hard\libc_nano.a(lib_a-memset.o)
                0x08011288                memset
 .text.__cvt    0x08011298       0xc4 c:/sysgcc/arm-eabi/bin/../lib/gcc/arm-none-eabi/10.3.1/../../../../arm-none-eabi/lib/thumb/v7e-m+fp/hard\libc_nano.a(lib_a-nano-vfprintf_float.o)
                0x08011298                __cvt
 .text.__exponent
                0x0801135c       0x7c c:/sysgcc/arm-eabi/bin/../lib/gcc/arm-none-eabi/10.3.1/../../../../arm-none-eabi/lib/thumb/v7e-m+fp/hard\libc_nano.a(lib_a-nano-vfprintf_float.o)
                0x0801135c                __exponent
 .text._printf_float
                0x080113d8      0x46c c:/sysgcc/arm-eabi/bin/../lib/gcc/arm-none-eabi/10.3.1/../../../../arm-none-eabi/lib/thumb/v7e-m+fp/hard\libc_nano.a(lib_a-nano-vfprintf_float.o)
                0x080113d8                _printf_float
 .text._printf_common
                0x08011844       0xda c:/sysgcc/arm-eabi/bin/../lib/gcc/arm-none-eabi/10.3.1/../../../../arm-none-eabi/lib/thumb/v7e-m+fp/hard\libc_nano.a(lib_a-nano-vfprintf_i.o)
                0x08011844                _printf_common
 *fill*         0x0801191e        0x2 
 .text._printf_i
                0x08011920      0x24c c:/sysgcc/arm-eabi/bin/../lib/gcc/arm-none-eabi/10.3.1/../../../../arm-none-eabi/lib/thumb/v7e-m+fp/hard\libc_nano.a(lib_a-nano-vfprintf_i.o)
                0x08011920                _printf_i
 .text.printf   0x08011b6c       0x30 c:/sysgcc/arm-eabi/bin/../lib/gcc/arm-none-eabi/10.3.1/../../../../arm-none-eabi/lib/thumb/v7e-m+fp/hard\libc_nano.a(lib_a-printf.o)
                0x08011b6c                iprintf
                0x08011b6c                printf
 .text.putchar  0x08011b9c       0x2c c:/sysgcc/arm-eabi/bin/../lib/gcc/arm-none-eabi/10.3.1/../../../../arm-none-eabi/lib/thumb/v7e-m+fp/hard\libc_nano.a(lib_a-putchar.o)
                0x08011b9c                putchar